192.168.43.1 - - [01/May/2024:14:55:07 +0800] "GET /js/app.js HTTP/1.1" 304 0 "http://192.168.43.71/" "Mozilla/5.0 (Linux; Android 10; SAMSUNG SM-N9600) AppleWebKit/537.36 (KHTML, like Gecko) SamsungBrowser/21.0 Chrome/110.0.5481.154 Mobile Safari/537.36"
127.0.0.1 - - [01/May/2024:14:55:15 +0800] "GET / HTTP/1.1" 200 10802 "http://127.0.0.1/" "Mozilla/5.0 (Windows NT 10.0; Win64; x64) AppleWebKit/537.36 (KHTML, like Gecko) Chrome/107.0.0.0 Safari/537.36"
127.0.0.1 - - [01/May/2024:14:55:15 +0800] "GET /js/debug.js HTTP/1.1" 304 0 "http://127.0.0.1/" "Mozilla/5.0 (Windows NT 10.0; Win64; x64) AppleWebKit/537.36 (KHTML, like Gecko) Chrome/107.0.0.0 Safari/537.36"
127.0.0.1 - - [01/May/2024:14:57:06 +0800] "GET / HTTP/1.1" 200 10677 "http://127.0.0.1/" "Mozilla/5.0 (Windows NT 10.0; Win64; x64) AppleWebKit/537.36 (KHTML, like Gecko) Chrome/107.0.0.0 Safari/537.36"
127.0.0.1 - - [01/May/2024:14:57:06 +0800] "GET /js/debug.js HTTP/1.1" 304 0 "http://127.0.0.1/" "Mozilla/5.0 (Windows NT 10.0; Win64; x64) AppleWebKit/537.36 (KHTML, like Gecko) Chrome/107.0.0.0 Safari/537.36"
127.0.0.1 - - [01/May/2024:14:57:48 +0800] "GET / HTTP/1.1" 200 10715 "http://127.0.0.1/" "Mozilla/5.0 (Windows NT 10.0; Win64; x64) AppleWebKit/537.36 (KHTML, like Gecko) Chrome/107.0.0.0 Safari/537.36"
127.0.0.1 - - [01/May/2024:14:58:21 +0800] "GET / HTTP/1.1" 200 10712 "http://127.0.0.1/" "Mozilla/5.0 (Windows NT 10.0; Win64; x64) AppleWebKit/537.36 (KHTML, like Gecko) Chrome/107.0.0.0 Safari/537.36"
192.168.43.1 - - [01/May/2024:14:58:41 +0800] "GET / HTTP/1.1" 200 10712 "http://192.168.43.71/" "Mozilla/5.0 (Linux; Android 10; SAMSUNG SM-N9600) AppleWebKit/537.36 (KHTML, like Gecko) SamsungBrowser/21.0 Chrome/110.0.5481.154 Mobile Safari/537.36"
127.0.0.1 - - [01/May/2024:14:59:41 +0800] "GET / HTTP/1.1" 200 10735 "http://127.0.0.1/" "Mozilla/5.0 (Windows NT 10.0; Win64; x64) AppleWebKit/537.36 (KHTML, like Gecko) Chrome/107.0.0.0 Safari/537.36"
127.0.0.1 - - [01/May/2024:14:59:41 +0800] "GET /js/debug.js HTTP/1.1" 304 0 "http://127.0.0.1/" "Mozilla/5.0 (Windows NT 10.0; Win64; x64) AppleWebKit/537.36 (KHTML, like Gecko) Chrome/107.0.0.0 Safari/537.36"
127.0.0.1 - - [01/May/2024:15:00:04 +0800] "GET / HTTP/1.1" 200 10793 "http://127.0.0.1/" "Mozilla/5.0 (Windows NT 10.0; Win64; x64) AppleWebKit/537.36 (KHTML, like Gecko) Chrome/107.0.0.0 Safari/537.36"
127.0.0.1 - - [01/May/2024:15:01:17 +0800] "GET / HTTP/1.1" 200 10835 "http://127.0.0.1/" "Mozilla/5.0 (Windows NT 10.0; Win64; x64) AppleWebKit/537.36 (KHTML, like Gecko) Chrome/107.0.0.0 Safari/537.36"
127.0.0.1 - - [01/May/2024:15:01:17 +0800] "GET /js/app.js HTTP/1.1" 304 0 "http://127.0.0.1/" "Mozilla/5.0 (Windows NT 10.0; Win64; x64) AppleWebKit/537.36 (KHTML, like Gecko) Chrome/107.0.0.0 Safari/537.36"
192.168.43.1 - - [01/May/2024:15:01:38 +0800] "GET / HTTP/1.1" 200 10835 "http://192.168.43.71/" "Mozilla/5.0 (Linux; Android 10; SAMSUNG SM-N9600) AppleWebKit/537.36 (KHTML, like Gecko) SamsungBrowser/21.0 Chrome/110.0.5481.154 Mobile Safari/537.36"
127.0.0.1 - - [01/May/2024:15:03:20 +0800] "GET / HTTP/1.1" 200 10886 "http://127.0.0.1/" "Mozilla/5.0 (Windows NT 10.0; Win64; x64) AppleWebKit/537.36 (KHTML, like Gecko) Chrome/107.0.0.0 Safari/537.36"
127.0.0.1 - - [01/May/2024:15:03:20 +0800] "GET /js/debug.js HTTP/1.1" 304 0 "http://127.0.0.1/" "Mozilla/5.0 (Windows NT 10.0; Win64; x64) AppleWebKit/537.36 (KHTML, like Gecko) Chrome/107.0.0.0 Safari/537.36"
127.0.0.1 - - [01/May/2024:15:03:49 +0800] "GET / HTTP/1.1" 200 10883 "http://127.0.0.1/" "Mozilla/5.0 (Windows NT 10.0; Win64; x64) AppleWebKit/537.36 (KHTML, like Gecko) Chrome/107.0.0.0 Safari/537.36"
127.0.0.1 - - [01/May/2024:15:06:33 +0800] "GET / HTTP/1.1" 200 10877 "http://127.0.0.1/" "Mozilla/5.0 (Windows NT 10.0; Win64; x64) AppleWebKit/537.36 (KHTML, like Gecko) Chrome/107.0.0.0 Safari/537.36"
127.0.0.1 - - [01/May/2024:15:06:33 +0800] "GET /js/debug.js HTTP/1.1" 304 0 "http://127.0.0.1/" "Mozilla/5.0 (Windows NT 10.0; Win64; x64) AppleWebKit/537.36 (KHTML, like Gecko) Chrome/107.0.0.0 Safari/537.36"
127.0.0.1 - - [01/May/2024:15:06:33 +0800] "GET /js/webrtc.js HTTP/1.1" 304 0 "http://127.0.0.1/" "Mozilla/5.0 (Windows NT 10.0; Win64; x64) AppleWebKit/537.36 (KHTML, like Gecko) Chrome/107.0.0.0 Safari/537.36"
127.0.0.1 - - [01/May/2024:15:06:54 +0800] "GET / HTTP/1.1" 200 10876 "http://127.0.0.1/" "Mozilla/5.0 (Windows NT 10.0; Win64; x64) AppleWebKit/537.36 (KHTML, like Gecko) Chrome/107.0.0.0 Safari/537.36"
127.0.0.1 - - [01/May/2024:15:07:21 +0800] "GET / HTTP/1.1" 200 10876 "http://127.0.0.1/" "Mozilla/5.0 (Windows NT 10.0; Win64; x64) AppleWebKit/537.36 (KHTML, like Gecko) Chrome/107.0.0.0 Safari/537.36"
127.0.0.1 - - [01/May/2024:15:08:06 +0800] "GET / HTTP/1.1" 200 10903 "http://127.0.0.1/" "Mozilla/5.0 (Windows NT 10.0; Win64; x64) AppleWebKit/537.36 (KHTML, like Gecko) Chrome/107.0.0.0 Safari/537.36"
127.0.0.1 - - [01/May/2024:15:08:36 +0800] "GET / HTTP/1.1" 200 10909 "http://127.0.0.1/" "Mozilla/5.0 (Windows NT 10.0; Win64; x64) AppleWebKit/537.36 (KHTML, like Gecko) Chrome/107.0.0.0 Safari/537.36"
127.0.0.1 - - [01/May/2024:15:09:00 +0800] "GET / HTTP/1.1" 200 10911 "http://127.0.0.1/" "Mozilla/5.0 (Windows NT 10.0; Win64; x64) AppleWebKit/537.36 (KHTML, like Gecko) Chrome/107.0.0.0 Safari/537.36"
127.0.0.1 - - [01/May/2024:15:09:18 +0800] "GET / HTTP/1.1" 200 10919 "http://127.0.0.1/" "Mozilla/5.0 (Windows NT 10.0; Win64; x64) AppleWebKit/537.36 (KHTML, like Gecko) Chrome/107.0.0.0 Safari/537.36"
127.0.0.1 - - [01/May/2024:15:09:19 +0800] "GET /js/debug.js HTTP/1.1" 304 0 "http://127.0.0.1/" "Mozilla/5.0 (Windows NT 10.0; Win64; x64) AppleWebKit/537.36 (KHTML, like Gecko) Chrome/107.0.0.0 Safari/537.36"
127.0.0.1 - - [01/May/2024:15:09:36 +0800] "GET / HTTP/1.1" 200 10913 "http://127.0.0.1/" "Mozilla/5.0 (Windows NT 10.0; Win64; x64) AppleWebKit/537.36 (KHTML, like Gecko) Chrome/107.0.0.0 Safari/537.36"
127.0.0.1 - - [01/May/2024:15:10:05 +0800] "GET / HTTP/1.1" 200 10917 "http://127.0.0.1/" "Mozilla/5.0 (Windows NT 10.0; Win64; x64) AppleWebKit/537.36 (KHTML, like Gecko) Chrome/107.0.0.0 Safari/537.36"
127.0.0.1 - - [01/May/2024:15:10:24 +0800] "GET /image/debug-off.svg HTTP/1.1" 200 954 "http://127.0.0.1/" "Mozilla/5.0 (Windows NT 10.0; Win64; x64) AppleWebKit/537.36 (KHTML, like Gecko) Chrome/107.0.0.0 Safari/537.36"
127.0.0.1 - - [01/May/2024:15:10:46 +0800] "GET / HTTP/1.1" 200 10889 "http://127.0.0.1/" "Mozilla/5.0 (Windows NT 10.0; Win64; x64) AppleWebKit/537.36 (KHTML, like Gecko) Chrome/107.0.0.0 Safari/537.36"
127.0.0.1 - - [01/May/2024:15:15:29 +0800] "GET / HTTP/1.1" 200 10866 "http://127.0.0.1/" "Mozilla/5.0 (Windows NT 10.0; Win64; x64) AppleWebKit/537.36 (KHTML, like Gecko) Chrome/107.0.0.0 Safari/537.36"
127.0.0.1 - - [01/May/2024:15:15:29 +0800] "GET /js/debug.js HTTP/1.1" 304 0 "http://127.0.0.1/" "Mozilla/5.0 (Windows NT 10.0; Win64; x64) AppleWebKit/537.36 (KHTML, like Gecko) Chrome/107.0.0.0 Safari/537.36"
127.0.0.1 - - [01/May/2024:15:15:29 +0800] "GET /js/app.js HTTP/1.1" 200 15984 "http://127.0.0.1/" "Mozilla/5.0 (Windows NT 10.0; Win64; x64) AppleWebKit/537.36 (KHTML, like Gecko) Chrome/107.0.0.0 Safari/537.36"
127.0.0.1 - - [01/May/2024:15:16:26 +0800] "GET / HTTP/1.1" 200 10897 "http://127.0.0.1/" "Mozilla/5.0 (Windows NT 10.0; Win64; x64) AppleWebKit/537.36 (KHTML, like Gecko) Chrome/107.0.0.0 Safari/537.36"
127.0.0.1 - - [01/May/2024:15:16:26 +0800] "GET /js/app.js HTTP/1.1" 304 0 "http://127.0.0.1/" "Mozilla/5.0 (Windows NT 10.0; Win64; x64) AppleWebKit/537.36 (KHTML, like Gecko) Chrome/107.0.0.0 Safari/537.36"
127.0.0.1 - - [01/May/2024:15:18:58 +0800] "GET / HTTP/1.1" 200 10898 "http://127.0.0.1/" "Mozilla/5.0 (Windows NT 10.0; Win64; x64) AppleWebKit/537.36 (KHTML, like Gecko) Chrome/107.0.0.0 Safari/537.36"
127.0.0.1 - - [01/May/2024:15:18:58 +0800] "GET /js/app.js HTTP/1.1" 200 15981 "http://127.0.0.1/" "Mozilla/5.0 (Windows NT 10.0; Win64; x64) AppleWebKit/537.36 (KHTML, like Gecko) Chrome/107.0.0.0 Safari/537.36"
127.0.0.1 - - [01/May/2024:15:20:48 +0800] "GET / HTTP/1.1" 200 10919 "http://127.0.0.1/" "Mozilla/5.0 (Windows NT 10.0; Win64; x64) AppleWebKit/537.36 (KHTML, like Gecko) Chrome/107.0.0.0 Safari/537.36"
127.0.0.1 - - [01/May/2024:15:20:48 +0800] "GET /js/debug.js HTTP/1.1" 304 0 "http://127.0.0.1/" "Mozilla/5.0 (Windows NT 10.0; Win64; x64) AppleWebKit/537.36 (KHTML, like Gecko) Chrome/107.0.0.0 Safari/537.36"
127.0.0.1 - - [01/May/2024:15:20:48 +0800] "GET /js/app.js HTTP/1.1" 304 0 "http://127.0.0.1/" "Mozilla/5.0 (Windows NT 10.0; Win64; x64) AppleWebKit/537.36 (KHTML, like Gecko) Chrome/107.0.0.0 Safari/537.36"
127.0.0.1 - - [01/May/2024:15:21:11 +0800] "GET / HTTP/1.1" 200 10919 "http://127.0.0.1/" "Mozilla/5.0 (Windows NT 10.0; Win64; x64) AppleWebKit/537.36 (KHTML, like Gecko) Chrome/107.0.0.0 Safari/537.36"
127.0.0.1 - - [01/May/2024:15:21:11 +0800] "GET /js/app.js HTTP/1.1" 304 0 "http://127.0.0.1/" "Mozilla/5.0 (Windows NT 10.0; Win64; x64) AppleWebKit/537.36 (KHTML, like Gecko) Chrome/107.0.0.0 Safari/537.36"
127.0.0.1 - - [01/May/2024:15:21:24 +0800] "GET / HTTP/1.1" 200 10919 "http://127.0.0.1/" "Mozilla/5.0 (Windows NT 10.0; Win64; x64) AppleWebKit/537.36 (KHTML, like Gecko) Chrome/107.0.0.0 Safari/537.36"
127.0.0.1 - - [01/May/2024:15:21:24 +0800] "GET /js/adapter-latest.js HTTP/1.1" 200 138460 "http://127.0.0.1/" "Mozilla/5.0 (Windows NT 10.0; Win64; x64) AppleWebKit/537.36 (KHTML, like Gecko) Chrome/107.0.0.0 Safari/537.36"
127.0.0.1 - - [01/May/2024:15:21:24 +0800] "GET /js/debug.js HTTP/1.1" 200 981 "http://127.0.0.1/" "Mozilla/5.0 (Windows NT 10.0; Win64; x64) AppleWebKit/537.36 (KHTML, like Gecko) Chrome/107.0.0.0 Safari/537.36"
127.0.0.1 - - [01/May/2024:15:21:24 +0800] "GET /js/signalling.js HTTP/1.1" 200 7970 "http://127.0.0.1/" "Mozilla/5.0 (Windows NT 10.0; Win64; x64) AppleWebKit/537.36 (KHTML, like Gecko) Chrome/107.0.0.0 Safari/537.36"
127.0.0.1 - - [01/May/2024:15:21:24 +0800] "GET /js/webrtc.js HTTP/1.1" 200 19893 "http://127.0.0.1/" "Mozilla/5.0 (Windows NT 10.0; Win64; x64) AppleWebKit/537.36 (KHTML, like Gecko) Chrome/107.0.0.0 Safari/537.36"
127.0.0.1 - - [01/May/2024:15:21:24 +0800] "GET /js/guacamole-keyboard-selkies.js HTTP/1.1" 200 49544 "http://127.0.0.1/" "Mozilla/5.0 (Windows NT 10.0; Win64; x64) AppleWebKit/537.36 (KHTML, like Gecko) Chrome/107.0.0.0 Safari/537.36"
127.0.0.1 - - [01/May/2024:15:21:24 +0800] "GET /js/input.js HTTP/1.1" 200 22164 "http://127.0.0.1/" "Mozilla/5.0 (Windows NT 10.0; Win64; x64) AppleWebKit/537.36 (KHTML, like Gecko) Chrome/107.0.0.0 Safari/537.36"
127.0.0.1 - - [01/May/2024:15:21:24 +0800] "GET /js/app.js HTTP/1.1" 200 15981 "http://127.0.0.1/" "Mozilla/5.0 (Windows NT 10.0; Win64; x64) AppleWebKit/537.36 (KHTML, like Gecko) Chrome/107.0.0.0 Safari/537.36"
127.0.0.1 - - [01/May/2024:15:21:24 +0800] "GET /image/refresh.svg HTTP/1.1" 200 1531 "http://127.0.0.1/" "Mozilla/5.0 (Windows NT 10.0; Win64; x64) AppleWebKit/537.36 (KHTML, like Gecko) Chrome/107.0.0.0 Safari/537.36"
127.0.0.1 - - [01/May/2024:15:21:24 +0800] "GET /image/audio-off.svg HTTP/1.1" 200 1259 "http://127.0.0.1/" "Mozilla/5.0 (Windows NT 10.0; Win64; x64) AppleWebKit/537.36 (KHTML, like Gecko) Chrome/107.0.0.0 Safari/537.36"
127.0.0.1 - - [01/May/2024:15:21:24 +0800] "GET /image/debug-on.svg HTTP/1.1" 200 954 "http://127.0.0.1/" "Mozilla/5.0 (Windows NT 10.0; Win64; x64) AppleWebKit/537.36 (KHTML, like Gecko) Chrome/107.0.0.0 Safari/537.36"
127.0.0.1 - - [01/May/2024:15:21:24 +0800] "GET /image/fullscreen-off.svg HTTP/1.1" 200 1469 "http://127.0.0.1/" "Mozilla/5.0 (Windows NT 10.0; Win64; x64) AppleWebKit/537.36 (KHTML, like Gecko) Chrome/107.0.0.0 Safari/537.36"
127.0.0.1 - - [01/May/2024:15:22:14 +0800] "GET / HTTP/1.1" 304 0 "http://127.0.0.1/" "Mozilla/5.0 (Windows NT 10.0; Win64; x64) AppleWebKit/537.36 (KHTML, like Gecko) Chrome/107.0.0.0 Safari/537.36"
127.0.0.1 - - [01/May/2024:15:22:14 +0800] "GET /js/app.js HTTP/1.1" 304 0 "http://127.0.0.1/" "Mozilla/5.0 (Windows NT 10.0; Win64; x64) AppleWebKit/537.36 (KHTML, like Gecko) Chrome/107.0.0.0 Safari/537.36"
127.0.0.1 - - [01/May/2024:15:23:00 +0800] "GET / HTTP/1.1" 304 0 "http://127.0.0.1/" "Mozilla/5.0 (Windows NT 10.0; Win64; x64) AppleWebKit/537.36 (KHTML, like Gecko) Chrome/107.0.0.0 Safari/537.36"
127.0.0.1 - - [01/May/2024:15:23:00 +0800] "GET /js/app.js HTTP/1.1" 200 16040 "http://127.0.0.1/" "Mozilla/5.0 (Windows NT 10.0; Win64; x64) AppleWebKit/537.36 (KHTML, like Gecko) Chrome/107.0.0.0 Safari/537.36"
127.0.0.1 - - [01/May/2024:15:25:31 +0800] "GET / HTTP/1.1" 304 0 "http://127.0.0.1/" "Mozilla/5.0 (Windows NT 10.0; Win64; x64) AppleWebKit/537.36 (KHTML, like Gecko) Chrome/107.0.0.0 Safari/537.36"
127.0.0.1 - - [01/May/2024:15:25:31 +0800] "GET /js/app.js HTTP/1.1" 200 16075 "http://127.0.0.1/" "Mozilla/5.0 (Windows NT 10.0; Win64; x64) AppleWebKit/537.36 (KHTML, like Gecko) Chrome/107.0.0.0 Safari/537.36"
127.0.0.1 - - [01/May/2024:15:29:10 +0800] "GET / HTTP/1.1" 200 10929 "http://127.0.0.1/" "Mozilla/5.0 (Windows NT 10.0; Win64; x64) AppleWebKit/537.36 (KHTML, like Gecko) Chrome/107.0.0.0 Safari/537.36"
127.0.0.1 - - [01/May/2024:15:29:10 +0800] "GET /js/debug.js HTTP/1.1" 304 0 "http://127.0.0.1/" "Mozilla/5.0 (Windows NT 10.0; Win64; x64) AppleWebKit/537.36 (KHTML, like Gecko) Chrome/107.0.0.0 Safari/537.36"
127.0.0.1 - - [01/May/2024:15:29:10 +0800] "GET /js/app.js HTTP/1.1" 200 16075 "http://127.0.0.1/" "Mozilla/5.0 (Windows NT 10.0; Win64; x64) AppleWebKit/537.36 (KHTML, like Gecko) Chrome/107.0.0.0 Safari/537.36"
127.0.0.1 - - [01/May/2024:15:30:22 +0800] "GET / HTTP/1.1" 304 0 "http://127.0.0.1/" "Mozilla/5.0 (Windows NT 10.0; Win64; x64) AppleWebKit/537.36 (KHTML, like Gecko) Chrome/107.0.0.0 Safari/537.36"
127.0.0.1 - - [01/May/2024:15:30:22 +0800] "GET /js/app.js HTTP/1.1" 200 16077 "http://127.0.0.1/" "Mozilla/5.0 (Windows NT 10.0; Win64; x64) AppleWebKit/537.36 (KHTML, like Gecko) Chrome/107.0.0.0 Safari/537.36"
127.0.0.1 - - [01/May/2024:15:31:42 +0800] "GET / HTTP/1.1" 200 10926 "http://127.0.0.1/" "Mozilla/5.0 (Windows NT 10.0; Win64; x64) AppleWebKit/537.36 (KHTML, like Gecko) Chrome/107.0.0.0 Safari/537.36"
127.0.0.1 - - [01/May/2024:15:31:42 +0800] "GET /js/app.js HTTP/1.1" 200 16075 "http://127.0.0.1/" "Mozilla/5.0 (Windows NT 10.0; Win64; x64) AppleWebKit/537.36 (KHTML, like Gecko) Chrome/107.0.0.0 Safari/537.36"
127.0.0.1 - - [01/May/2024:15:31:52 +0800] "GET / HTTP/1.1" 304 0 "http://127.0.0.1/" "Mozilla/5.0 (Windows NT 10.0; Win64; x64) AppleWebKit/537.36 (KHTML, like Gecko) Chrome/107.0.0.0 Safari/537.36"
127.0.0.1 - - [01/May/2024:15:31:52 +0800] "GET /js/app.js HTTP/1.1" 304 0 "http://127.0.0.1/" "Mozilla/5.0 (Windows NT 10.0; Win64; x64) AppleWebKit/537.36 (KHTML, like Gecko) Chrome/107.0.0.0 Safari/537.36"
192.168.43.1 - - [01/May/2024:15:32:44 +0800] "GET / HTTP/1.1" 200 10926 "http://192.168.43.71/" "Mozilla/5.0 (Linux; Android 10; SAMSUNG SM-N9600) AppleWebKit/537.36 (KHTML, like Gecko) SamsungBrowser/21.0 Chrome/110.0.5481.154 Mobile Safari/537.36"
192.168.43.1 - - [01/May/2024:15:32:44 +0800] "GET /js/webrtc.js HTTP/1.1" 304 0 "http://192.168.43.71/" "Mozilla/5.0 (Linux; Android 10; SAMSUNG SM-N9600) AppleWebKit/537.36 (KHTML, like Gecko) SamsungBrowser/21.0 Chrome/110.0.5481.154 Mobile Safari/537.36"
192.168.43.1 - - [01/May/2024:15:32:44 +0800] "GET /js/app.js HTTP/1.1" 200 16075 "http://192.168.43.71/" "Mozilla/5.0 (Linux; Android 10; SAMSUNG SM-N9600) AppleWebKit/537.36 (KHTML, like Gecko) SamsungBrowser/21.0 Chrome/110.0.5481.154 Mobile Safari/537.36"
192.168.43.1 - - [01/May/2024:15:33:32 +0800] "GET / HTTP/1.1" 200 10952 "http://192.168.43.71/" "Mozilla/5.0 (Linux; Android 10; SAMSUNG SM-N9600) AppleWebKit/537.36 (KHTML, like Gecko) SamsungBrowser/21.0 Chrome/110.0.5481.154 Mobile Safari/537.36"
192.168.43.1 - - [01/May/2024:15:33:33 +0800] "GET /js/app.js HTTP/1.1" 304 0 "http://192.168.43.71/" "Mozilla/5.0 (Linux; Android 10; SAMSUNG SM-N9600) AppleWebKit/537.36 (KHTML, like Gecko) SamsungBrowser/21.0 Chrome/110.0.5481.154 Mobile Safari/537.36"
127.0.0.1 - - [01/May/2024:15:33:47 +0800] "GET / HTTP/1.1" 200 10952 "http://127.0.0.1/" "Mozilla/5.0 (Windows NT 10.0; Win64; x64) AppleWebKit/537.36 (KHTML, like Gecko) Chrome/107.0.0.0 Safari/537.36"
127.0.0.1 - - [01/May/2024:15:33:48 +0800] "GET /js/app.js HTTP/1.1" 304 0 "http://127.0.0.1/" "Mozilla/5.0 (Windows NT 10.0; Win64; x64) AppleWebKit/537.36 (KHTML, like Gecko) Chrome/107.0.0.0 Safari/537.36"
192.168.43.1 - - [01/May/2024:15:34:11 +0800] "GET / HTTP/1.1" 304 0 "http://192.168.43.71/" "Mozilla/5.0 (Linux; Android 10; SAMSUNG SM-N9600) AppleWebKit/537.36 (KHTML, like Gecko) SamsungBrowser/21.0 Chrome/110.0.5481.154 Mobile Safari/537.36"
192.168.43.1 - - [01/May/2024:15:34:11 +0800] "GET /js/app.js HTTP/1.1" 304 0 "http://192.168.43.71/" "Mozilla/5.0 (Linux; Android 10; SAMSUNG SM-N9600) AppleWebKit/537.36 (KHTML, like Gecko) SamsungBrowser/21.0 Chrome/110.0.5481.154 Mobile Safari/537.36"
192.168.43.1 - - [01/May/2024:15:36:46 +0800] "GET / HTTP/1.1" 200 10564 "http://192.168.43.71/" "Mozilla/5.0 (Linux; Android 10; SAMSUNG SM-N9600) AppleWebKit/537.36 (KHTML, like Gecko) SamsungBrowser/21.0 Chrome/110.0.5481.154 Mobile Safari/537.36"
192.168.43.1 - - [01/May/2024:15:36:46 +0800] "GET /js/app.js HTTP/1.1" 304 0 "http://192.168.43.71/" "Mozilla/5.0 (Linux; Android 10; SAMSUNG SM-N9600) AppleWebKit/537.36 (KHTML, like Gecko) SamsungBrowser/21.0 Chrome/110.0.5481.154 Mobile Safari/537.36"
192.168.43.1 - - [01/May/2024:15:36:52 +0800] "GET / HTTP/1.1" 304 0 "http://192.168.43.71/" "Mozilla/5.0 (Linux; Android 10; SAMSUNG SM-N9600) AppleWebKit/537.36 (KHTML, like Gecko) SamsungBrowser/21.0 Chrome/110.0.5481.154 Mobile Safari/537.36"
192.168.43.1 - - [01/May/2024:15:37:08 +0800] "GET / HTTP/1.1" 200 10564 "http://192.168.43.71/" "Mozilla/5.0 (Linux; Android 10; SAMSUNG SM-N9600) AppleWebKit/537.36 (KHTML, like Gecko) SamsungBrowser/21.0 Chrome/110.0.5481.154 Mobile Safari/537.36"
127.0.0.1 - - [01/May/2024:15:38:10 +0800] "GET / HTTP/1.1" 200 10564 "http://127.0.0.1/" "Mozilla/5.0 (Windows NT 10.0; Win64; x64) AppleWebKit/537.36 (KHTML, like Gecko) Chrome/107.0.0.0 Safari/537.36"
127.0.0.1 - - [01/May/2024:15:38:10 +0800] "GET /js/debug.js HTTP/1.1" 304 0 "http://127.0.0.1/" "Mozilla/5.0 (Windows NT 10.0; Win64; x64) AppleWebKit/537.36 (KHTML, like Gecko) Chrome/107.0.0.0 Safari/537.36"
127.0.0.1 - - [01/May/2024:15:38:10 +0800] "GET /js/app.js HTTP/1.1" 304 0 "http://127.0.0.1/" "Mozilla/5.0 (Windows NT 10.0; Win64; x64) AppleWebKit/537.36 (KHTML, like Gecko) Chrome/107.0.0.0 Safari/537.36"
127.0.0.1 - - [01/May/2024:15:38:53 +0800] "GET / HTTP/1.1" 200 10511 "http://127.0.0.1/" "Mozilla/5.0 (Windows NT 10.0; Win64; x64) AppleWebKit/537.36 (KHTML, like Gecko) Chrome/107.0.0.0 Safari/537.36"
127.0.0.1 - - [01/May/2024:15:38:53 +0800] "GET /js/app.js HTTP/1.1" 304 0 "http://127.0.0.1/" "Mozilla/5.0 (Windows NT 10.0; Win64; x64) AppleWebKit/537.36 (KHTML, like Gecko) Chrome/107.0.0.0 Safari/537.36"
127.0.0.1 - - [01/May/2024:15:39:19 +0800] "GET / HTTP/1.1" 200 10508 "http://127.0.0.1/" "Mozilla/5.0 (Windows NT 10.0; Win64; x64) AppleWebKit/537.36 (KHTML, like Gecko) Chrome/107.0.0.0 Safari/537.36"
127.0.0.1 - - [01/May/2024:15:40:41 +0800] "GET / HTTP/1.1" 200 10508 "http://127.0.0.1/" "Mozilla/5.0 (Windows NT 10.0; Win64; x64) AppleWebKit/537.36 (KHTML, like Gecko) Chrome/107.0.0.0 Safari/537.36"
127.0.0.1 - - [01/May/2024:15:40:41 +0800] "GET /js/app.js HTTP/1.1" 304 0 "http://127.0.0.1/" "Mozilla/5.0 (Windows NT 10.0; Win64; x64) AppleWebKit/537.36 (KHTML, like Gecko) Chrome/107.0.0.0 Safari/537.36"
192.168.43.1 - - [01/May/2024:15:41:10 +0800] "GET / HTTP/1.1" 200 10508 "http://192.168.43.71/" "Mozilla/5.0 (Linux; Android 10; SAMSUNG SM-N9600) AppleWebKit/537.36 (KHTML, like Gecko) SamsungBrowser/21.0 Chrome/110.0.5481.154 Mobile Safari/537.36"
192.168.43.1 - - [01/May/2024:15:41:11 +0800] "GET /js/app.js HTTP/1.1" 304 0 "http://192.168.43.71/" "Mozilla/5.0 (Linux; Android 10; SAMSUNG SM-N9600) AppleWebKit/537.36 (KHTML, like Gecko) SamsungBrowser/21.0 Chrome/110.0.5481.154 Mobile Safari/537.36"
127.0.0.1 - - [01/May/2024:15:42:13 +0800] "GET / HTTP/1.1" 200 10601 "http://127.0.0.1/" "Mozilla/5.0 (Windows NT 10.0; Win64; x64) AppleWebKit/537.36 (KHTML, like Gecko) Chrome/107.0.0.0 Safari/537.36"
127.0.0.1 - - [01/May/2024:15:42:13 +0800] "GET /js/app.js HTTP/1.1" 304 0 "http://127.0.0.1/" "Mozilla/5.0 (Windows NT 10.0; Win64; x64) AppleWebKit/537.36 (KHTML, like Gecko) Chrome/107.0.0.0 Safari/537.36"
192.168.43.1 - - [01/May/2024:15:42:51 +0800] "GET / HTTP/1.1" 200 10601 "http://192.168.43.71/" "Mozilla/5.0 (Linux; Android 10; SAMSUNG SM-N9600) AppleWebKit/537.36 (KHTML, like Gecko) SamsungBrowser/21.0 Chrome/110.0.5481.154 Mobile Safari/537.36"
192.168.43.1 - - [01/May/2024:15:42:51 +0800] "GET /js/app.js HTTP/1.1" 304 0 "http://192.168.43.71/" "Mozilla/5.0 (Linux; Android 10; SAMSUNG SM-N9600) AppleWebKit/537.36 (KHTML, like Gecko) SamsungBrowser/21.0 Chrome/110.0.5481.154 Mobile Safari/537.36"
127.0.0.1 - - [01/May/2024:15:46:40 +0800] "GET / HTTP/1.1" 200 10508 "http://127.0.0.1/" "Mozilla/5.0 (Windows NT 10.0; Win64; x64) AppleWebKit/537.36 (KHTML, like Gecko) Chrome/107.0.0.0 Safari/537.36"
127.0.0.1 - - [01/May/2024:15:46:40 +0800] "GET /js/debug.js HTTP/1.1" 200 1050 "http://127.0.0.1/" "Mozilla/5.0 (Windows NT 10.0; Win64; x64) AppleWebKit/537.36 (KHTML, like Gecko) Chrome/107.0.0.0 Safari/537.36"
127.0.0.1 - - [01/May/2024:15:46:40 +0800] "GET /js/app.js HTTP/1.1" 304 0 "http://127.0.0.1/" "Mozilla/5.0 (Windows NT 10.0; Win64; x64) AppleWebKit/537.36 (KHTML, like Gecko) Chrome/107.0.0.0 Safari/537.36"
127.0.0.1 - - [01/May/2024:15:46:48 +0800] "GET / HTTP/1.1" 304 0 "http://127.0.0.1/" "Mozilla/5.0 (Windows NT 10.0; Win64; x64) AppleWebKit/537.36 (KHTML, like Gecko) Chrome/107.0.0.0 Safari/537.36"
127.0.0.1 - - [01/May/2024:15:46:48 +0800] "GET /js/debug.js HTTP/1.1" 304 0 "http://127.0.0.1/" "Mozilla/5.0 (Windows NT 10.0; Win64; x64) AppleWebKit/537.36 (KHTML, like Gecko) Chrome/107.0.0.0 Safari/537.36"
192.168.43.1 - - [01/May/2024:15:47:02 +0800] "GET / HTTP/1.1" 200 10508 "http://192.168.43.71/" "Mozilla/5.0 (Linux; Android 10; SAMSUNG SM-N9600) AppleWebKit/537.36 (KHTML, like Gecko) SamsungBrowser/21.0 Chrome/110.0.5481.154 Mobile Safari/537.36"
192.168.43.1 - - [01/May/2024:15:47:02 +0800] "GET /js/app.js HTTP/1.1" 304 0 "http://192.168.43.71/" "Mozilla/5.0 (Linux; Android 10; SAMSUNG SM-N9600) AppleWebKit/537.36 (KHTML, like Gecko) SamsungBrowser/21.0 Chrome/110.0.5481.154 Mobile Safari/537.36"
127.0.0.1 - - [01/May/2024:15:47:14 +0800] "GET / HTTP/1.1" 304 0 "http://127.0.0.1/" "Mozilla/5.0 (Windows NT 10.0; Win64; x64) AppleWebKit/537.36 (KHTML, like Gecko) Chrome/107.0.0.0 Safari/537.36"
127.0.0.1 - - [01/May/2024:15:47:14 +0800] "GET /js/debug.js HTTP/1.1" 200 1053 "http://127.0.0.1/" "Mozilla/5.0 (Windows NT 10.0; Win64; x64) AppleWebKit/537.36 (KHTML, like Gecko) Chrome/107.0.0.0 Safari/537.36"
192.168.43.1 - - [01/May/2024:15:47:19 +0800] "GET / HTTP/1.1" 304 0 "http://192.168.43.71/" "Mozilla/5.0 (Linux; Android 10; SAMSUNG SM-N9600) AppleWebKit/537.36 (KHTML, like Gecko) SamsungBrowser/21.0 Chrome/110.0.5481.154 Mobile Safari/537.36"
192.168.43.1 - - [01/May/2024:15:47:31 +0800] "GET /favicon.ico HTTP/1.1" 404 555 "http://192.168.43.71/" "Mozilla/5.0 (Linux; Android 10; SAMSUNG SM-N9600) AppleWebKit/537.36 (KHTML, like Gecko) SamsungBrowser/21.0 Chrome/110.0.5481.154 Mobile Safari/537.36"
192.168.43.1 - - [01/May/2024:15:48:05 +0800] "GET / HTTP/1.1" 200 10508 "http://192.168.43.71/" "Mozilla/5.0 (Linux; Android 10; SAMSUNG SM-N9600) AppleWebKit/537.36 (KHTML, like Gecko) SamsungBrowser/21.0 Chrome/110.0.5481.154 Mobile Safari/537.36"
192.168.43.1 - - [01/May/2024:15:48:06 +0800] "GET /js/debug.js HTTP/1.1" 200 1053 "http://192.168.43.71/" "Mozilla/5.0 (Linux; Android 10; SAMSUNG SM-N9600) AppleWebKit/537.36 (KHTML, like Gecko) SamsungBrowser/21.0 Chrome/110.0.5481.154 Mobile Safari/537.36"
192.168.43.1 - - [01/May/2024:15:48:06 +0800] "GET /js/adapter-latest.js HTTP/1.1" 200 138460 "http://192.168.43.71/" "Mozilla/5.0 (Linux; Android 10; SAMSUNG SM-N9600) AppleWebKit/537.36 (KHTML, like Gecko) SamsungBrowser/21.0 Chrome/110.0.5481.154 Mobile Safari/537.36"
192.168.43.1 - - [01/May/2024:15:48:06 +0800] "GET /js/signalling.js HTTP/1.1" 200 7970 "http://192.168.43.71/" "Mozilla/5.0 (Linux; Android 10; SAMSUNG SM-N9600) AppleWebKit/537.36 (KHTML, like Gecko) SamsungBrowser/21.0 Chrome/110.0.5481.154 Mobile Safari/537.36"
192.168.43.1 - - [01/May/2024:15:48:06 +0800] "GET /js/webrtc.js HTTP/1.1" 200 19893 "http://192.168.43.71/" "Mozilla/5.0 (Linux; Android 10; SAMSUNG SM-N9600) AppleWebKit/537.36 (KHTML, like Gecko) SamsungBrowser/21.0 Chrome/110.0.5481.154 Mobile Safari/537.36"
192.168.43.1 - - [01/May/2024:15:48:06 +0800] "GET /js/guacamole-keyboard-selkies.js HTTP/1.1" 200 49544 "http://192.168.43.71/" "Mozilla/5.0 (Linux; Android 10; SAMSUNG SM-N9600) AppleWebKit/537.36 (KHTML, like Gecko) SamsungBrowser/21.0 Chrome/110.0.5481.154 Mobile Safari/537.36"
192.168.43.1 - - [01/May/2024:15:48:06 +0800] "GET /js/input.js HTTP/1.1" 200 22164 "http://192.168.43.71/" "Mozilla/5.0 (Linux; Android 10; SAMSUNG SM-N9600) AppleWebKit/537.36 (KHTML, like Gecko) SamsungBrowser/21.0 Chrome/110.0.5481.154 Mobile Safari/537.36"
192.168.43.1 - - [01/May/2024:15:48:06 +0800] "GET /js/app.js HTTP/1.1" 200 16075 "http://192.168.43.71/" "Mozilla/5.0 (Linux; Android 10; SAMSUNG SM-N9600) AppleWebKit/537.36 (KHTML, like Gecko) SamsungBrowser/21.0 Chrome/110.0.5481.154 Mobile Safari/537.36"
192.168.43.1 - - [01/May/2024:15:48:06 +0800] "GET /image/refresh.svg HTTP/1.1" 200 1531 "http://192.168.43.71/" "Mozilla/5.0 (Linux; Android 10; SAMSUNG SM-N9600) AppleWebKit/537.36 (KHTML, like Gecko) SamsungBrowser/21.0 Chrome/110.0.5481.154 Mobile Safari/537.36"
192.168.43.1 - - [01/May/2024:15:48:06 +0800] "GET /image/audio-off.svg HTTP/1.1" 200 1259 "http://192.168.43.71/" "Mozilla/5.0 (Linux; Android 10; SAMSUNG SM-N9600) AppleWebKit/537.36 (KHTML, like Gecko) SamsungBrowser/21.0 Chrome/110.0.5481.154 Mobile Safari/537.36"
192.168.43.1 - - [01/May/2024:15:48:06 +0800] "GET /image/fullscreen-off.svg HTTP/1.1" 200 1469 "http://192.168.43.71/" "Mozilla/5.0 (Linux; Android 10; SAMSUNG SM-N9600) AppleWebKit/537.36 (KHTML, like Gecko) SamsungBrowser/21.0 Chrome/110.0.5481.154 Mobile Safari/537.36"
192.168.43.1 - - [01/May/2024:15:48:06 +0800] "GET /image/debug-on.svg HTTP/1.1" 200 954 "http://192.168.43.71/" "Mozilla/5.0 (Linux; Android 10; SAMSUNG SM-N9600) AppleWebKit/537.36 (KHTML, like Gecko) SamsungBrowser/21.0 Chrome/110.0.5481.154 Mobile Safari/537.36"
192.168.43.1 - - [01/May/2024:15:48:15 +0800] "GET / HTTP/1.1" 304 0 "http://192.168.43.71/" "Mozilla/5.0 (Linux; Android 10; SAMSUNG SM-N9600) AppleWebKit/537.36 (KHTML, like Gecko) SamsungBrowser/21.0 Chrome/110.0.5481.154 Mobile Safari/537.36"
192.168.43.1 - - [01/May/2024:15:48:15 +0800] "GET /js/debug.js HTTP/1.1" 200 1050 "http://192.168.43.71/" "Mozilla/5.0 (Linux; Android 10; SAMSUNG SM-N9600) AppleWebKit/537.36 (KHTML, like Gecko) SamsungBrowser/21.0 Chrome/110.0.5481.154 Mobile Safari/537.36"
192.168.43.1 - - [01/May/2024:15:48:21 +0800] "GET / HTTP/1.1" 304 0 "http://192.168.43.71/" "Mozilla/5.0 (Linux; Android 10; SAMSUNG SM-N9600) AppleWebKit/537.36 (KHTML, like Gecko) SamsungBrowser/21.0 Chrome/110.0.5481.154 Mobile Safari/537.36"
192.168.43.1 - - [01/May/2024:15:48:21 +0800] "GET /js/debug.js HTTP/1.1" 304 0 "http://192.168.43.71/" "Mozilla/5.0 (Linux; Android 10; SAMSUNG SM-N9600) AppleWebKit/537.36 (KHTML, like Gecko) SamsungBrowser/21.0 Chrome/110.0.5481.154 Mobile Safari/537.36"
192.168.43.1 - - [01/May/2024:15:48:31 +0800] "GET / HTTP/1.1" 304 0 "http://192.168.43.71/" "Mozilla/5.0 (Linux; Android 10; SAMSUNG SM-N9600) AppleWebKit/537.36 (KHTML, like Gecko) SamsungBrowser/21.0 Chrome/110.0.5481.154 Mobile Safari/537.36"
192.168.43.1 - - [01/May/2024:15:48:31 +0800] "GET /js/debug.js HTTP/1.1" 200 1050 "http://192.168.43.71/" "Mozilla/5.0 (Linux; Android 10; SAMSUNG SM-N9600) AppleWebKit/537.36 (KHTML, like Gecko) SamsungBrowser/21.0 Chrome/110.0.5481.154 Mobile Safari/537.36"
192.168.43.1 - - [01/May/2024:15:48:37 +0800] "GET / HTTP/1.1" 304 0 "http://192.168.43.71/" "Mozilla/5.0 (Linux; Android 10; SAMSUNG SM-N9600) AppleWebKit/537.36 (KHTML, like Gecko) SamsungBrowser/21.0 Chrome/110.0.5481.154 Mobile Safari/537.36"
192.168.43.1 - - [01/May/2024:15:48:37 +0800] "GET /js/debug.js HTTP/1.1" 200 1053 "http://192.168.43.71/" "Mozilla/5.0 (Linux; Android 10; SAMSUNG SM-N9600) AppleWebKit/537.36 (KHTML, like Gecko) SamsungBrowser/21.0 Chrome/110.0.5481.154 Mobile Safari/537.36"
192.168.43.1 - - [01/May/2024:15:48:56 +0800] "GET / HTTP/1.1" 304 0 "http://192.168.43.71/" "Mozilla/5.0 (Linux; Android 10; SAMSUNG SM-N9600) AppleWebKit/537.36 (KHTML, like Gecko) SamsungBrowser/21.0 Chrome/110.0.5481.154 Mobile Safari/537.36"
192.168.43.1 - - [01/May/2024:15:48:56 +0800] "GET /js/debug.js HTTP/1.1" 200 1044 "http://192.168.43.71/" "Mozilla/5.0 (Linux; Android 10; SAMSUNG SM-N9600) AppleWebKit/537.36 (KHTML, like Gecko) SamsungBrowser/21.0 Chrome/110.0.5481.154 Mobile Safari/537.36"
127.0.0.1 - - [01/May/2024:15:49:22 +0800] "GET / HTTP/1.1" 304 0 "http://127.0.0.1/" "Mozilla/5.0 (Windows NT 10.0; Win64; x64) AppleWebKit/537.36 (KHTML, like Gecko) Chrome/107.0.0.0 Safari/537.36"
127.0.0.1 - - [01/May/2024:15:49:22 +0800] "GET /js/debug.js HTTP/1.1" 200 1044 "http://127.0.0.1/" "Mozilla/5.0 (Windows NT 10.0; Win64; x64) AppleWebKit/537.36 (KHTML, like Gecko) Chrome/107.0.0.0 Safari/537.36"
127.0.0.1 - - [01/May/2024:15:49:22 +0800] "GET /js/app.js HTTP/1.1" 304 0 "http://127.0.0.1/" "Mozilla/5.0 (Windows NT 10.0; Win64; x64) AppleWebKit/537.36 (KHTML, like Gecko) Chrome/107.0.0.0 Safari/537.36"
127.0.0.1 - - [01/May/2024:15:50:44 +0800] "GET / HTTP/1.1" 200 10527 "http://127.0.0.1/" "Mozilla/5.0 (Windows NT 10.0; Win64; x64) AppleWebKit/537.36 (KHTML, like Gecko) Chrome/107.0.0.0 Safari/537.36"
127.0.0.1 - - [01/May/2024:15:50:44 +0800] "GET /js/debug.js HTTP/1.1" 304 0 "http://127.0.0.1/" "Mozilla/5.0 (Windows NT 10.0; Win64; x64) AppleWebKit/537.36 (KHTML, like Gecko) Chrome/107.0.0.0 Safari/537.36"
192.168.43.1 - - [01/May/2024:15:50:55 +0800] "GET / HTTP/1.1" 200 10527 "http://192.168.43.71/" "Mozilla/5.0 (Linux; Android 10; SAMSUNG SM-N9600) AppleWebKit/537.36 (KHTML, like Gecko) SamsungBrowser/21.0 Chrome/110.0.5481.154 Mobile Safari/537.36"
192.168.43.1 - - [01/May/2024:15:50:55 +0800] "GET /js/debug.js HTTP/1.1" 304 0 "http://192.168.43.71/" "Mozilla/5.0 (Linux; Android 10; SAMSUNG SM-N9600) AppleWebKit/537.36 (KHTML, like Gecko) SamsungBrowser/21.0 Chrome/110.0.5481.154 Mobile Safari/537.36"
192.168.43.1 - - [01/May/2024:15:50:55 +0800] "GET /js/app.js HTTP/1.1" 304 0 "http://192.168.43.71/" "Mozilla/5.0 (Linux; Android 10; SAMSUNG SM-N9600) AppleWebKit/537.36 (KHTML, like Gecko) SamsungBrowser/21.0 Chrome/110.0.5481.154 Mobile Safari/537.36"
127.0.0.1 - - [01/May/2024:15:51:34 +0800] "GET / HTTP/1.1" 200 10565 "http://127.0.0.1/" "Mozilla/5.0 (Windows NT 10.0; Win64; x64) AppleWebKit/537.36 (KHTML, like Gecko) Chrome/107.0.0.0 Safari/537.36"
127.0.0.1 - - [01/May/2024:15:51:34 +0800] "GET /js/debug.js HTTP/1.1" 304 0 "http://127.0.0.1/" "Mozilla/5.0 (Windows NT 10.0; Win64; x64) AppleWebKit/537.36 (KHTML, like Gecko) Chrome/107.0.0.0 Safari/537.36"
127.0.0.1 - - [01/May/2024:15:51:34 +0800] "GET /js/app.js HTTP/1.1" 304 0 "http://127.0.0.1/" "Mozilla/5.0 (Windows NT 10.0; Win64; x64) AppleWebKit/537.36 (KHTML, like Gecko) Chrome/107.0.0.0 Safari/537.36"
192.168.43.1 - - [01/May/2024:15:51:44 +0800] "GET / HTTP/1.1" 200 10565 "http://192.168.43.71/" "Mozilla/5.0 (Linux; Android 10; SAMSUNG SM-N9600) AppleWebKit/537.36 (KHTML, like Gecko) SamsungBrowser/21.0 Chrome/110.0.5481.154 Mobile Safari/537.36"
192.168.43.1 - - [01/May/2024:15:51:44 +0800] "GET /js/debug.js HTTP/1.1" 304 0 "http://192.168.43.71/" "Mozilla/5.0 (Linux; Android 10; SAMSUNG SM-N9600) AppleWebKit/537.36 (KHTML, like Gecko) SamsungBrowser/21.0 Chrome/110.0.5481.154 Mobile Safari/537.36"
127.0.0.1 - - [01/May/2024:15:52:02 +0800] "GET / HTTP/1.1" 200 10565 "http://127.0.0.1/" "Mozilla/5.0 (Windows NT 10.0; Win64; x64) AppleWebKit/537.36 (KHTML, like Gecko) Chrome/107.0.0.0 Safari/537.36"
127.0.0.1 - - [01/May/2024:15:52:02 +0800] "GET /js/debug.js HTTP/1.1" 304 0 "http://127.0.0.1/" "Mozilla/5.0 (Windows NT 10.0; Win64; x64) AppleWebKit/537.36 (KHTML, like Gecko) Chrome/107.0.0.0 Safari/537.36"
192.168.43.1 - - [01/May/2024:15:52:22 +0800] "GET / HTTP/1.1" 200 10565 "http://192.168.43.71/" "Mozilla/5.0 (Linux; Android 10; SAMSUNG SM-N9600) AppleWebKit/537.36 (KHTML, like Gecko) SamsungBrowser/21.0 Chrome/110.0.5481.154 Mobile Safari/537.36"
192.168.43.1 - - [01/May/2024:15:52:22 +0800] "GET /js/debug.js HTTP/1.1" 304 0 "http://192.168.43.71/" "Mozilla/5.0 (Linux; Android 10; SAMSUNG SM-N9600) AppleWebKit/537.36 (KHTML, like Gecko) SamsungBrowser/21.0 Chrome/110.0.5481.154 Mobile Safari/537.36"
127.0.0.1 - - [01/May/2024:15:53:01 +0800] "GET / HTTP/1.1" 200 10571 "http://127.0.0.1/" "Mozilla/5.0 (Windows NT 10.0; Win64; x64) AppleWebKit/537.36 (KHTML, like Gecko) Chrome/107.0.0.0 Safari/537.36"
127.0.0.1 - - [01/May/2024:15:53:01 +0800] "GET /js/debug.js HTTP/1.1" 304 0 "http://127.0.0.1/" "Mozilla/5.0 (Windows NT 10.0; Win64; x64) AppleWebKit/537.36 (KHTML, like Gecko) Chrome/107.0.0.0 Safari/537.36"
127.0.0.1 - - [01/May/2024:15:54:43 +0800] "GET / HTTP/1.1" 200 10577 "http://127.0.0.1/" "Mozilla/5.0 (Windows NT 10.0; Win64; x64) AppleWebKit/537.36 (KHTML, like Gecko) Chrome/107.0.0.0 Safari/537.36"
127.0.0.1 - - [01/May/2024:15:54:43 +0800] "GET /js/debug.js HTTP/1.1" 304 0 "http://127.0.0.1/" "Mozilla/5.0 (Windows NT 10.0; Win64; x64) AppleWebKit/537.36 (KHTML, like Gecko) Chrome/107.0.0.0 Safari/537.36"
127.0.0.1 - - [01/May/2024:15:54:43 +0800] "GET /js/app.js HTTP/1.1" 304 0 "http://127.0.0.1/" "Mozilla/5.0 (Windows NT 10.0; Win64; x64) AppleWebKit/537.36 (KHTML, like Gecko) Chrome/107.0.0.0 Safari/537.36"
127.0.0.1 - - [01/May/2024:15:56:00 +0800] "GET / HTTP/1.1" 200 10571 "http://127.0.0.1/" "Mozilla/5.0 (Windows NT 10.0; Win64; x64) AppleWebKit/537.36 (KHTML, like Gecko) Chrome/107.0.0.0 Safari/537.36"
127.0.0.1 - - [01/May/2024:15:56:00 +0800] "GET /js/debug.js HTTP/1.1" 304 0 "http://127.0.0.1/" "Mozilla/5.0 (Windows NT 10.0; Win64; x64) AppleWebKit/537.36 (KHTML, like Gecko) Chrome/107.0.0.0 Safari/537.36"
127.0.0.1 - - [01/May/2024:15:56:00 +0800] "GET /js/webrtc.js HTTP/1.1" 304 0 "http://127.0.0.1/" "Mozilla/5.0 (Windows NT 10.0; Win64; x64) AppleWebKit/537.36 (KHTML, like Gecko) Chrome/107.0.0.0 Safari/537.36"
127.0.0.1 - - [01/May/2024:15:56:42 +0800] "GET / HTTP/1.1" 200 10565 "http://127.0.0.1/" "Mozilla/5.0 (Windows NT 10.0; Win64; x64) AppleWebKit/537.36 (KHTML, like Gecko) Chrome/107.0.0.0 Safari/537.36"
127.0.0.1 - - [01/May/2024:15:56:43 +0800] "GET /js/debug.js HTTP/1.1" 304 0 "http://127.0.0.1/" "Mozilla/5.0 (Windows NT 10.0; Win64; x64) AppleWebKit/537.36 (KHTML, like Gecko) Chrome/107.0.0.0 Safari/537.36"
127.0.0.1 - - [01/May/2024:15:57:13 +0800] "GET / HTTP/1.1" 200 10565 "http://127.0.0.1/" "Mozilla/5.0 (Windows NT 10.0; Win64; x64) AppleWebKit/537.36 (KHTML, like Gecko) Chrome/107.0.0.0 Safari/537.36"
127.0.0.1 - - [01/May/2024:15:57:13 +0800] "GET /js/app.js HTTP/1.1" 200 16077 "http://127.0.0.1/" "Mozilla/5.0 (Windows NT 10.0; Win64; x64) AppleWebKit/537.36 (KHTML, like Gecko) Chrome/107.0.0.0 Safari/537.36"
127.0.0.1 - - [01/May/2024:15:57:41 +0800] "GET / HTTP/1.1" 200 10597 "http://127.0.0.1/" "Mozilla/5.0 (Windows NT 10.0; Win64; x64) AppleWebKit/537.36 (KHTML, like Gecko) Chrome/107.0.0.0 Safari/537.36"
127.0.0.1 - - [01/May/2024:15:57:41 +0800] "GET /js/debug.js HTTP/1.1" 304 0 "http://127.0.0.1/" "Mozilla/5.0 (Windows NT 10.0; Win64; x64) AppleWebKit/537.36 (KHTML, like Gecko) Chrome/107.0.0.0 Safari/537.36"
127.0.0.1 - - [01/May/2024:15:57:41 +0800] "GET /js/app.js HTTP/1.1" 304 0 "http://127.0.0.1/" "Mozilla/5.0 (Windows NT 10.0; Win64; x64) AppleWebKit/537.36 (KHTML, like Gecko) Chrome/107.0.0.0 Safari/537.36"
192.168.43.1 - - [01/May/2024:15:58:05 +0800] "GET / HTTP/1.1" 200 10597 "http://192.168.43.71/" "Mozilla/5.0 (Linux; Android 10; SAMSUNG SM-N9600) AppleWebKit/537.36 (KHTML, like Gecko) SamsungBrowser/21.0 Chrome/110.0.5481.154 Mobile Safari/537.36"
192.168.43.1 - - [01/May/2024:15:58:05 +0800] "GET /js/debug.js HTTP/1.1" 304 0 "http://192.168.43.71/" "Mozilla/5.0 (Linux; Android 10; SAMSUNG SM-N9600) AppleWebKit/537.36 (KHTML, like Gecko) SamsungBrowser/21.0 Chrome/110.0.5481.154 Mobile Safari/537.36"
192.168.43.1 - - [01/May/2024:15:58:05 +0800] "GET /js/app.js HTTP/1.1" 200 16077 "http://192.168.43.71/" "Mozilla/5.0 (Linux; Android 10; SAMSUNG SM-N9600) AppleWebKit/537.36 (KHTML, like Gecko) SamsungBrowser/21.0 Chrome/110.0.5481.154 Mobile Safari/537.36"
192.168.43.1 - - [01/May/2024:15:58:20 +0800] "GET /image/debug-off.svg HTTP/1.1" 200 954 "http://192.168.43.71/" "Mozilla/5.0 (Linux; Android 10; SAMSUNG SM-N9600) AppleWebKit/537.36 (KHTML, like Gecko) SamsungBrowser/21.0 Chrome/110.0.5481.154 Mobile Safari/537.36"
127.0.0.1 - - [01/May/2024:16:00:20 +0800] "GET / HTTP/1.1" 200 10603 "http://127.0.0.1/" "Mozilla/5.0 (Windows NT 10.0; Win64; x64) AppleWebKit/537.36 (KHTML, like Gecko) Chrome/107.0.0.0 Safari/537.36"
127.0.0.1 - - [01/May/2024:16:00:20 +0800] "GET /js/debug.js HTTP/1.1" 304 0 "http://127.0.0.1/" "Mozilla/5.0 (Windows NT 10.0; Win64; x64) AppleWebKit/537.36 (KHTML, like Gecko) Chrome/107.0.0.0 Safari/537.36"
127.0.0.1 - - [01/May/2024:16:00:20 +0800] "GET /js/app.js HTTP/1.1" 304 0 "http://127.0.0.1/" "Mozilla/5.0 (Windows NT 10.0; Win64; x64) AppleWebKit/537.36 (KHTML, like Gecko) Chrome/107.0.0.0 Safari/537.36"
127.0.0.1 - - [01/May/2024:16:00:38 +0800] "GET / HTTP/1.1" 200 10599 "http://127.0.0.1/" "Mozilla/5.0 (Windows NT 10.0; Win64; x64) AppleWebKit/537.36 (KHTML, like Gecko) Chrome/107.0.0.0 Safari/537.36"
127.0.0.1 - - [01/May/2024:16:01:09 +0800] "GET / HTTP/1.1" 200 10605 "http://127.0.0.1/" "Mozilla/5.0 (Windows NT 10.0; Win64; x64) AppleWebKit/537.36 (KHTML, like Gecko) Chrome/107.0.0.0 Safari/537.36"
127.0.0.1 - - [01/May/2024:16:01:09 +0800] "GET /js/app.js HTTP/1.1" 304 0 "http://127.0.0.1/" "Mozilla/5.0 (Windows NT 10.0; Win64; x64) AppleWebKit/537.36 (KHTML, like Gecko) Chrome/107.0.0.0 Safari/537.36"
127.0.0.1 - - [01/May/2024:16:01:25 +0800] "GET / HTTP/1.1" 200 10599 "http://127.0.0.1/" "Mozilla/5.0 (Windows NT 10.0; Win64; x64) AppleWebKit/537.36 (KHTML, like Gecko) Chrome/107.0.0.0 Safari/537.36"
127.0.0.1 - - [01/May/2024:16:01:41 +0800] "GET / HTTP/1.1" 200 10599 "http://127.0.0.1/" "Mozilla/5.0 (Windows NT 10.0; Win64; x64) AppleWebKit/537.36 (KHTML, like Gecko) Chrome/107.0.0.0 Safari/537.36"
127.0.0.1 - - [01/May/2024:16:01:41 +0800] "GET /js/debug.js HTTP/1.1" 304 0 "http://127.0.0.1/" "Mozilla/5.0 (Windows NT 10.0; Win64; x64) AppleWebKit/537.36 (KHTML, like Gecko) Chrome/107.0.0.0 Safari/537.36"
127.0.0.1 - - [01/May/2024:16:01:41 +0800] "GET /js/app.js HTTP/1.1" 304 0 "http://127.0.0.1/" "Mozilla/5.0 (Windows NT 10.0; Win64; x64) AppleWebKit/537.36 (KHTML, like Gecko) Chrome/107.0.0.0 Safari/537.36"
127.0.0.1 - - [01/May/2024:16:01:59 +0800] "GET / HTTP/1.1" 200 10593 "http://127.0.0.1/" "Mozilla/5.0 (Windows NT 10.0; Win64; x64) AppleWebKit/537.36 (KHTML, like Gecko) Chrome/107.0.0.0 Safari/537.36"
127.0.0.1 - - [01/May/2024:16:02:47 +0800] "GET / HTTP/1.1" 200 10599 "http://127.0.0.1/" "Mozilla/5.0 (Windows NT 10.0; Win64; x64) AppleWebKit/537.36 (KHTML, like Gecko) Chrome/107.0.0.0 Safari/537.36"
127.0.0.1 - - [01/May/2024:16:02:47 +0800] "GET /js/app.js HTTP/1.1" 304 0 "http://127.0.0.1/" "Mozilla/5.0 (Windows NT 10.0; Win64; x64) AppleWebKit/537.36 (KHTML, like Gecko) Chrome/107.0.0.0 Safari/537.36"
127.0.0.1 - - [01/May/2024:16:03:06 +0800] "GET / HTTP/1.1" 200 10605 "http://127.0.0.1/" "Mozilla/5.0 (Windows NT 10.0; Win64; x64) AppleWebKit/537.36 (KHTML, like Gecko) Chrome/107.0.0.0 Safari/537.36"
127.0.0.1 - - [01/May/2024:16:03:06 +0800] "GET /js/debug.js HTTP/1.1" 304 0 "http://127.0.0.1/" "Mozilla/5.0 (Windows NT 10.0; Win64; x64) AppleWebKit/537.36 (KHTML, like Gecko) Chrome/107.0.0.0 Safari/537.36"
127.0.0.1 - - [01/May/2024:16:03:47 +0800] "GET / HTTP/1.1" 200 10605 "http://127.0.0.1/" "Mozilla/5.0 (Windows NT 10.0; Win64; x64) AppleWebKit/537.36 (KHTML, like Gecko) Chrome/107.0.0.0 Safari/537.36"
127.0.0.1 - - [01/May/2024:16:03:47 +0800] "GET /js/app.js HTTP/1.1" 200 16075 "http://127.0.0.1/" "Mozilla/5.0 (Windows NT 10.0; Win64; x64) AppleWebKit/537.36 (KHTML, like Gecko) Chrome/107.0.0.0 Safari/537.36"
127.0.0.1 - - [01/May/2024:16:04:37 +0800] "GET / HTTP/1.1" 200 10624 "http://127.0.0.1/" "Mozilla/5.0 (Windows NT 10.0; Win64; x64) AppleWebKit/537.36 (KHTML, like Gecko) Chrome/107.0.0.0 Safari/537.36"
127.0.0.1 - - [01/May/2024:16:04:37 +0800] "GET /js/debug.js HTTP/1.1" 304 0 "http://127.0.0.1/" "Mozilla/5.0 (Windows NT 10.0; Win64; x64) AppleWebKit/537.36 (KHTML, like Gecko) Chrome/107.0.0.0 Safari/537.36"
127.0.0.1 - - [01/May/2024:16:04:37 +0800] "GET /js/app.js HTTP/1.1" 304 0 "http://127.0.0.1/" "Mozilla/5.0 (Windows NT 10.0; Win64; x64) AppleWebKit/537.36 (KHTML, like Gecko) Chrome/107.0.0.0 Safari/537.36"
127.0.0.1 - - [01/May/2024:16:04:50 +0800] "GET / HTTP/1.1" 200 10624 "http://127.0.0.1/" "Mozilla/5.0 (Windows NT 10.0; Win64; x64) AppleWebKit/537.36 (KHTML, like Gecko) Chrome/107.0.0.0 Safari/537.36"
127.0.0.1 - - [01/May/2024:16:04:50 +0800] "GET /js/app.js HTTP/1.1" 304 0 "http://127.0.0.1/" "Mozilla/5.0 (Windows NT 10.0; Win64; x64) AppleWebKit/537.36 (KHTML, like Gecko) Chrome/107.0.0.0 Safari/537.36"
127.0.0.1 - - [01/May/2024:16:05:58 +0800] "GET / HTTP/1.1" 200 10621 "http://127.0.0.1/" "Mozilla/5.0 (Windows NT 10.0; Win64; x64) AppleWebKit/537.36 (KHTML, like Gecko) Chrome/107.0.0.0 Safari/537.36"
127.0.0.1 - - [01/May/2024:16:05:58 +0800] "GET /js/app.js HTTP/1.1" 304 0 "http://127.0.0.1/" "Mozilla/5.0 (Windows NT 10.0; Win64; x64) AppleWebKit/537.36 (KHTML, like Gecko) Chrome/107.0.0.0 Safari/537.36"
192.168.43.1 - - [01/May/2024:16:06:34 +0800] "GET / HTTP/1.1" 200 10621 "http://192.168.43.71/" "Mozilla/5.0 (Linux; Android 10; SAMSUNG SM-N9600) AppleWebKit/537.36 (KHTML, like Gecko) SamsungBrowser/21.0 Chrome/110.0.5481.154 Mobile Safari/537.36"
192.168.43.1 - - [01/May/2024:16:06:34 +0800] "GET /js/debug.js HTTP/1.1" 304 0 "http://192.168.43.71/" "Mozilla/5.0 (Linux; Android 10; SAMSUNG SM-N9600) AppleWebKit/537.36 (KHTML, like Gecko) SamsungBrowser/21.0 Chrome/110.0.5481.154 Mobile Safari/537.36"
192.168.43.1 - - [01/May/2024:16:06:34 +0800] "GET /js/app.js HTTP/1.1" 200 16075 "http://192.168.43.71/" "Mozilla/5.0 (Linux; Android 10; SAMSUNG SM-N9600) AppleWebKit/537.36 (KHTML, like Gecko) SamsungBrowser/21.0 Chrome/110.0.5481.154 Mobile Safari/537.36"
127.0.0.1 - - [01/May/2024:16:07:44 +0800] "GET / HTTP/1.1" 200 10621 "http://127.0.0.1/" "Mozilla/5.0 (Windows NT 10.0; Win64; x64) AppleWebKit/537.36 (KHTML, like Gecko) Chrome/107.0.0.0 Safari/537.36"
127.0.0.1 - - [01/May/2024:16:07:44 +0800] "GET /js/debug.js HTTP/1.1" 304 0 "http://127.0.0.1/" "Mozilla/5.0 (Windows NT 10.0; Win64; x64) AppleWebKit/537.36 (KHTML, like Gecko) Chrome/107.0.0.0 Safari/537.36"
127.0.0.1 - - [01/May/2024:16:07:44 +0800] "GET /js/app.js HTTP/1.1" 304 0 "http://127.0.0.1/" "Mozilla/5.0 (Windows NT 10.0; Win64; x64) AppleWebKit/537.36 (KHTML, like Gecko) Chrome/107.0.0.0 Safari/537.36"
127.0.0.1 - - [01/May/2024:16:08:00 +0800] "GET / HTTP/1.1" 200 10621 "http://127.0.0.1/" "Mozilla/5.0 (Windows NT 10.0; Win64; x64) AppleWebKit/537.36 (KHTML, like Gecko) Chrome/107.0.0.0 Safari/537.36"
127.0.0.1 - - [01/May/2024:16:08:00 +0800] "GET /js/adapter-latest.js HTTP/1.1" 200 138460 "http://127.0.0.1/" "Mozilla/5.0 (Windows NT 10.0; Win64; x64) AppleWebKit/537.36 (KHTML, like Gecko) Chrome/107.0.0.0 Safari/537.36"
127.0.0.1 - - [01/May/2024:16:08:00 +0800] "GET /js/debug.js HTTP/1.1" 200 1044 "http://127.0.0.1/" "Mozilla/5.0 (Windows NT 10.0; Win64; x64) AppleWebKit/537.36 (KHTML, like Gecko) Chrome/107.0.0.0 Safari/537.36"
127.0.0.1 - - [01/May/2024:16:08:00 +0800] "GET /js/signalling.js HTTP/1.1" 200 7970 "http://127.0.0.1/" "Mozilla/5.0 (Windows NT 10.0; Win64; x64) AppleWebKit/537.36 (KHTML, like Gecko) Chrome/107.0.0.0 Safari/537.36"
127.0.0.1 - - [01/May/2024:16:08:00 +0800] "GET /js/webrtc.js HTTP/1.1" 200 19893 "http://127.0.0.1/" "Mozilla/5.0 (Windows NT 10.0; Win64; x64) AppleWebKit/537.36 (KHTML, like Gecko) Chrome/107.0.0.0 Safari/537.36"
127.0.0.1 - - [01/May/2024:16:08:00 +0800] "GET /js/guacamole-keyboard-selkies.js HTTP/1.1" 200 49544 "http://127.0.0.1/" "Mozilla/5.0 (Windows NT 10.0; Win64; x64) AppleWebKit/537.36 (KHTML, like Gecko) Chrome/107.0.0.0 Safari/537.36"
127.0.0.1 - - [01/May/2024:16:08:00 +0800] "GET /js/app.js HTTP/1.1" 200 16075 "http://127.0.0.1/" "Mozilla/5.0 (Windows NT 10.0; Win64; x64) AppleWebKit/537.36 (KHTML, like Gecko) Chrome/107.0.0.0 Safari/537.36"
127.0.0.1 - - [01/May/2024:16:08:00 +0800] "GET /js/input.js HTTP/1.1" 200 22164 "http://127.0.0.1/" "Mozilla/5.0 (Windows NT 10.0; Win64; x64) AppleWebKit/537.36 (KHTML, like Gecko) Chrome/107.0.0.0 Safari/537.36"
127.0.0.1 - - [01/May/2024:16:08:00 +0800] "GET /image/refresh.svg HTTP/1.1" 200 1531 "http://127.0.0.1/" "Mozilla/5.0 (Windows NT 10.0; Win64; x64) AppleWebKit/537.36 (KHTML, like Gecko) Chrome/107.0.0.0 Safari/537.36"
127.0.0.1 - - [01/May/2024:16:08:00 +0800] "GET /image/audio-off.svg HTTP/1.1" 200 1259 "http://127.0.0.1/" "Mozilla/5.0 (Windows NT 10.0; Win64; x64) AppleWebKit/537.36 (KHTML, like Gecko) Chrome/107.0.0.0 Safari/537.36"
127.0.0.1 - - [01/May/2024:16:08:00 +0800] "GET /image/debug-on.svg HTTP/1.1" 200 954 "http://127.0.0.1/" "Mozilla/5.0 (Windows NT 10.0; Win64; x64) AppleWebKit/537.36 (KHTML, like Gecko) Chrome/107.0.0.0 Safari/537.36"
127.0.0.1 - - [01/May/2024:16:08:00 +0800] "GET /image/fullscreen-off.svg HTTP/1.1" 200 1469 "http://127.0.0.1/" "Mozilla/5.0 (Windows NT 10.0; Win64; x64) AppleWebKit/537.36 (KHTML, like Gecko) Chrome/107.0.0.0 Safari/537.36"
127.0.0.1 - - [01/May/2024:16:08:59 +0800] "GET / HTTP/1.1" 200 10629 "http://127.0.0.1/" "Mozilla/5.0 (Windows NT 10.0; Win64; x64) AppleWebKit/537.36 (KHTML, like Gecko) Chrome/107.0.0.0 Safari/537.36"
127.0.0.1 - - [01/May/2024:16:08:59 +0800] "GET /js/app.js HTTP/1.1" 304 0 "http://127.0.0.1/" "Mozilla/5.0 (Windows NT 10.0; Win64; x64) AppleWebKit/537.36 (KHTML, like Gecko) Chrome/107.0.0.0 Safari/537.36"
127.0.0.1 - - [01/May/2024:16:09:32 +0800] "GET / HTTP/1.1" 200 10629 "http://127.0.0.1/" "Mozilla/5.0 (Windows NT 10.0; Win64; x64) AppleWebKit/537.36 (KHTML, like Gecko) Chrome/107.0.0.0 Safari/537.36"
127.0.0.1 - - [01/May/2024:16:09:32 +0800] "GET /js/app.js HTTP/1.1" 304 0 "http://127.0.0.1/" "Mozilla/5.0 (Windows NT 10.0; Win64; x64) AppleWebKit/537.36 (KHTML, like Gecko) Chrome/107.0.0.0 Safari/537.36"
127.0.0.1 - - [01/May/2024:16:10:38 +0800] "GET / HTTP/1.1" 200 10629 "http://127.0.0.1/" "Mozilla/5.0 (Windows NT 10.0; Win64; x64) AppleWebKit/537.36 (KHTML, like Gecko) Chrome/107.0.0.0 Safari/537.36"
127.0.0.1 - - [01/May/2024:16:10:38 +0800] "GET /js/debug.js HTTP/1.1" 304 0 "http://127.0.0.1/" "Mozilla/5.0 (Windows NT 10.0; Win64; x64) AppleWebKit/537.36 (KHTML, like Gecko) Chrome/107.0.0.0 Safari/537.36"
127.0.0.1 - - [01/May/2024:16:10:38 +0800] "GET /js/app.js HTTP/1.1" 304 0 "http://127.0.0.1/" "Mozilla/5.0 (Windows NT 10.0; Win64; x64) AppleWebKit/537.36 (KHTML, like Gecko) Chrome/107.0.0.0 Safari/537.36"
192.168.43.1 - - [01/May/2024:16:11:00 +0800] "GET / HTTP/1.1" 200 10629 "http://192.168.43.71/" "Mozilla/5.0 (Linux; Android 10; SAMSUNG SM-N9600) AppleWebKit/537.36 (KHTML, like Gecko) SamsungBrowser/21.0 Chrome/110.0.5481.154 Mobile Safari/537.36"
192.168.43.1 - - [01/May/2024:16:11:00 +0800] "GET /js/debug.js HTTP/1.1" 304 0 "http://192.168.43.71/" "Mozilla/5.0 (Linux; Android 10; SAMSUNG SM-N9600) AppleWebKit/537.36 (KHTML, like Gecko) SamsungBrowser/21.0 Chrome/110.0.5481.154 Mobile Safari/537.36"
192.168.43.1 - - [01/May/2024:16:11:00 +0800] "GET /js/app.js HTTP/1.1" 304 0 "http://192.168.43.71/" "Mozilla/5.0 (Linux; Android 10; SAMSUNG SM-N9600) AppleWebKit/537.36 (KHTML, like Gecko) SamsungBrowser/21.0 Chrome/110.0.5481.154 Mobile Safari/537.36"
127.0.0.1 - - [01/May/2024:16:12:13 +0800] "GET / HTTP/1.1" 200 10623 "http://127.0.0.1/" "Mozilla/5.0 (Windows NT 10.0; Win64; x64) AppleWebKit/537.36 (KHTML, like Gecko) Chrome/107.0.0.0 Safari/537.36"
127.0.0.1 - - [01/May/2024:16:12:13 +0800] "GET /js/app.js HTTP/1.1" 304 0 "http://127.0.0.1/" "Mozilla/5.0 (Windows NT 10.0; Win64; x64) AppleWebKit/537.36 (KHTML, like Gecko) Chrome/107.0.0.0 Safari/537.36"
127.0.0.1 - - [01/May/2024:16:12:39 +0800] "GET / HTTP/1.1" 200 10631 "http://127.0.0.1/" "Mozilla/5.0 (Windows NT 10.0; Win64; x64) AppleWebKit/537.36 (KHTML, like Gecko) Chrome/107.0.0.0 Safari/537.36"
192.168.43.1 - - [01/May/2024:16:12:48 +0800] "GET / HTTP/1.1" 200 10631 "http://192.168.43.71/" "Mozilla/5.0 (Linux; Android 10; SAMSUNG SM-N9600) AppleWebKit/537.36 (KHTML, like Gecko) SamsungBrowser/21.0 Chrome/110.0.5481.154 Mobile Safari/537.36"
192.168.43.1 - - [01/May/2024:16:12:48 +0800] "GET /js/app.js HTTP/1.1" 304 0 "http://192.168.43.71/" "Mozilla/5.0 (Linux; Android 10; SAMSUNG SM-N9600) AppleWebKit/537.36 (KHTML, like Gecko) SamsungBrowser/21.0 Chrome/110.0.5481.154 Mobile Safari/537.36"
127.0.0.1 - - [01/May/2024:16:13:17 +0800] "GET / HTTP/1.1" 200 10643 "http://127.0.0.1/" "Mozilla/5.0 (Windows NT 10.0; Win64; x64) AppleWebKit/537.36 (KHTML, like Gecko) Chrome/107.0.0.0 Safari/537.36"
