127.0.0.1 - - [02/May/2024:09:49:54 +0800] "GET /js/app.js HTTP/1.1" 304 0 "http://127.0.0.1/" "Mozilla/5.0 (Windows NT 10.0; Win64; x64) AppleWebKit/537.36 (KHTML, like Gecko) Chrome/107.0.0.0 Safari/537.36"
192.168.43.1 - - [02/May/2024:09:51:06 +0800] "GET / HTTP/1.1" 200 10944 "-" "Mozilla/5.0 (Linux; Android 10; SAMSUNG SM-N9600) AppleWebKit/537.36 (KHTML, like Gecko) SamsungBrowser/21.0 Chrome/110.0.5481.154 Mobile Safari/537.36"
192.168.43.1 - - [02/May/2024:09:51:06 +0800] "GET /js/debug.js HTTP/1.1" 304 0 "http://192.168.43.71/" "Mozilla/5.0 (Linux; Android 10; SAMSUNG SM-N9600) AppleWebKit/537.36 (KHTML, like Gecko) SamsungBrowser/21.0 Chrome/110.0.5481.154 Mobile Safari/537.36"
192.168.43.1 - - [02/May/2024:09:51:06 +0800] "GET /js/webrtc.js HTTP/1.1" 304 0 "http://192.168.43.71/" "Mozilla/5.0 (Linux; Android 10; SAMSUNG SM-N9600) AppleWebKit/537.36 (KHTML, like Gecko) SamsungBrowser/21.0 Chrome/110.0.5481.154 Mobile Safari/537.36"
192.168.43.1 - - [02/May/2024:09:51:06 +0800] "GET /js/input.js HTTP/1.1" 304 0 "http://192.168.43.71/" "Mozilla/5.0 (Linux; Android 10; SAMSUNG SM-N9600) AppleWebKit/537.36 (KHTML, like Gecko) SamsungBrowser/21.0 Chrome/110.0.5481.154 Mobile Safari/537.36"
192.168.43.1 - - [02/May/2024:09:51:06 +0800] "GET /js/app.js HTTP/1.1" 200 19690 "http://192.168.43.71/" "Mozilla/5.0 (Linux; Android 10; SAMSUNG SM-N9600) AppleWebKit/537.36 (KHTML, like Gecko) SamsungBrowser/21.0 Chrome/110.0.5481.154 Mobile Safari/537.36"
192.168.43.1 - - [02/May/2024:09:51:06 +0800] "GET /favicon.ico HTTP/1.1" 404 555 "http://192.168.43.71/" "Mozilla/5.0 (Linux; Android 10; SAMSUNG SM-N9600) AppleWebKit/537.36 (KHTML, like Gecko) SamsungBrowser/21.0 Chrome/110.0.5481.154 Mobile Safari/537.36"
192.168.43.1 - - [02/May/2024:09:51:08 +0800] "GET / HTTP/1.1" 304 0 "-" "Mozilla/5.0 (Linux; Android 10; SAMSUNG SM-N9600) AppleWebKit/537.36 (KHTML, like Gecko) SamsungBrowser/21.0 Chrome/110.0.5481.154 Mobile Safari/537.36"
192.168.43.1 - - [02/May/2024:09:53:14 +0800] "GET / HTTP/1.1" 304 0 "-" "Mozilla/5.0 (Linux; Android 10; SAMSUNG SM-N9600) AppleWebKit/537.36 (KHTML, like Gecko) SamsungBrowser/21.0 Chrome/110.0.5481.154 Mobile Safari/537.36"
192.168.43.1 - - [02/May/2024:09:53:14 +0800] "GET /js/app.js HTTP/1.1" 304 0 "http://192.168.43.71/" "Mozilla/5.0 (Linux; Android 10; SAMSUNG SM-N9600) AppleWebKit/537.36 (KHTML, like Gecko) SamsungBrowser/21.0 Chrome/110.0.5481.154 Mobile Safari/537.36"
127.0.0.1 - - [02/May/2024:09:53:21 +0800] "GET / HTTP/1.1" 304 0 "-" "Mozilla/5.0 (Windows NT 10.0; Win64; x64) AppleWebKit/537.36 (KHTML, like Gecko) Chrome/107.0.0.0 Safari/537.36"
127.0.0.1 - - [02/May/2024:09:53:21 +0800] "GET /js/app.js HTTP/1.1" 304 0 "http://127.0.0.1/" "Mozilla/5.0 (Windows NT 10.0; Win64; x64) AppleWebKit/537.36 (KHTML, like Gecko) Chrome/107.0.0.0 Safari/537.36"
127.0.0.1 - - [02/May/2024:09:53:41 +0800] "GET / HTTP/1.1" 200 10944 "-" "Mozilla/5.0 (Windows NT 10.0; Win64; x64) AppleWebKit/537.36 (KHTML, like Gecko) Chrome/107.0.0.0 Safari/537.36"
127.0.0.1 - - [02/May/2024:09:53:41 +0800] "GET /js/adapter-latest.js HTTP/1.1" 200 138460 "http://127.0.0.1/" "Mozilla/5.0 (Windows NT 10.0; Win64; x64) AppleWebKit/537.36 (KHTML, like Gecko) Chrome/107.0.0.0 Safari/537.36"
127.0.0.1 - - [02/May/2024:09:53:41 +0800] "GET /js/debug.js HTTP/1.1" 200 1000 "http://127.0.0.1/" "Mozilla/5.0 (Windows NT 10.0; Win64; x64) AppleWebKit/537.36 (KHTML, like Gecko) Chrome/107.0.0.0 Safari/537.36"
127.0.0.1 - - [02/May/2024:09:53:41 +0800] "GET /js/signalling.js HTTP/1.1" 200 7970 "http://127.0.0.1/" "Mozilla/5.0 (Windows NT 10.0; Win64; x64) AppleWebKit/537.36 (KHTML, like Gecko) Chrome/107.0.0.0 Safari/537.36"
127.0.0.1 - - [02/May/2024:09:53:41 +0800] "GET /js/webrtc.js HTTP/1.1" 200 19893 "http://127.0.0.1/" "Mozilla/5.0 (Windows NT 10.0; Win64; x64) AppleWebKit/537.36 (KHTML, like Gecko) Chrome/107.0.0.0 Safari/537.36"
127.0.0.1 - - [02/May/2024:09:53:41 +0800] "GET /js/guacamole-keyboard-selkies.js HTTP/1.1" 200 49544 "http://127.0.0.1/" "Mozilla/5.0 (Windows NT 10.0; Win64; x64) AppleWebKit/537.36 (KHTML, like Gecko) Chrome/107.0.0.0 Safari/537.36"
127.0.0.1 - - [02/May/2024:09:53:41 +0800] "GET /js/input.js HTTP/1.1" 200 22164 "http://127.0.0.1/" "Mozilla/5.0 (Windows NT 10.0; Win64; x64) AppleWebKit/537.36 (KHTML, like Gecko) Chrome/107.0.0.0 Safari/537.36"
127.0.0.1 - - [02/May/2024:09:53:41 +0800] "GET /js/app.js HTTP/1.1" 200 19690 "http://127.0.0.1/" "Mozilla/5.0 (Windows NT 10.0; Win64; x64) AppleWebKit/537.36 (KHTML, like Gecko) Chrome/107.0.0.0 Safari/537.36"
127.0.0.1 - - [02/May/2024:09:53:41 +0800] "GET /image/refresh.svg HTTP/1.1" 200 1531 "http://127.0.0.1/" "Mozilla/5.0 (Windows NT 10.0; Win64; x64) AppleWebKit/537.36 (KHTML, like Gecko) Chrome/107.0.0.0 Safari/537.36"
127.0.0.1 - - [02/May/2024:09:53:41 +0800] "GET /image/audio-off.svg HTTP/1.1" 200 1259 "http://127.0.0.1/" "Mozilla/5.0 (Windows NT 10.0; Win64; x64) AppleWebKit/537.36 (KHTML, like Gecko) Chrome/107.0.0.0 Safari/537.36"
127.0.0.1 - - [02/May/2024:09:53:41 +0800] "GET /image/debug-on.svg HTTP/1.1" 200 954 "http://127.0.0.1/" "Mozilla/5.0 (Windows NT 10.0; Win64; x64) AppleWebKit/537.36 (KHTML, like Gecko) Chrome/107.0.0.0 Safari/537.36"
127.0.0.1 - - [02/May/2024:09:53:41 +0800] "GET /image/fullscreen-off.svg HTTP/1.1" 200 1469 "http://127.0.0.1/" "Mozilla/5.0 (Windows NT 10.0; Win64; x64) AppleWebKit/537.36 (KHTML, like Gecko) Chrome/107.0.0.0 Safari/537.36"
127.0.0.1 - - [02/May/2024:09:56:17 +0800] "GET / HTTP/1.1" 200 10944 "-" "Mozilla/5.0 (Windows NT 10.0; Win64; x64) AppleWebKit/537.36 (KHTML, like Gecko) Chrome/107.0.0.0 Safari/537.36"
127.0.0.1 - - [02/May/2024:09:56:18 +0800] "GET /js/debug.js HTTP/1.1" 200 1089 "http://127.0.0.1/" "Mozilla/5.0 (Windows NT 10.0; Win64; x64) AppleWebKit/537.36 (KHTML, like Gecko) Chrome/107.0.0.0 Safari/537.36"
127.0.0.1 - - [02/May/2024:09:56:18 +0800] "GET /js/app.js HTTP/1.1" 304 0 "http://127.0.0.1/" "Mozilla/5.0 (Windows NT 10.0; Win64; x64) AppleWebKit/537.36 (KHTML, like Gecko) Chrome/107.0.0.0 Safari/537.36"
127.0.0.1 - - [02/May/2024:09:57:29 +0800] "GET / HTTP/1.1" 200 10984 "-" "Mozilla/5.0 (Windows NT 10.0; Win64; x64) AppleWebKit/537.36 (KHTML, like Gecko) Chrome/107.0.0.0 Safari/537.36"
127.0.0.1 - - [02/May/2024:09:57:29 +0800] "GET /js/debug.js HTTP/1.1" 200 1055 "http://127.0.0.1/" "Mozilla/5.0 (Windows NT 10.0; Win64; x64) AppleWebKit/537.36 (KHTML, like Gecko) Chrome/107.0.0.0 Safari/537.36"
192.168.43.1 - - [02/May/2024:09:57:39 +0800] "GET / HTTP/1.1" 200 10984 "-" "Mozilla/5.0 (Linux; Android 10; SAMSUNG SM-N9600) AppleWebKit/537.36 (KHTML, like Gecko) SamsungBrowser/21.0 Chrome/110.0.5481.154 Mobile Safari/537.36"
192.168.43.1 - - [02/May/2024:09:57:39 +0800] "GET /js/app.js HTTP/1.1" 304 0 "http://192.168.43.71/" "Mozilla/5.0 (Linux; Android 10; SAMSUNG SM-N9600) AppleWebKit/537.36 (KHTML, like Gecko) SamsungBrowser/21.0 Chrome/110.0.5481.154 Mobile Safari/537.36"
192.168.43.1 - - [02/May/2024:09:58:01 +0800] "GET / HTTP/1.1" 200 10984 "-" "Mozilla/5.0 (Linux; Android 10; SAMSUNG SM-N9600) AppleWebKit/537.36 (KHTML, like Gecko) SamsungBrowser/21.0 Chrome/110.0.5481.154 Mobile Safari/537.36"
192.168.43.1 - - [02/May/2024:09:58:01 +0800] "GET /js/adapter-latest.js HTTP/1.1" 200 138460 "http://192.168.43.71/" "Mozilla/5.0 (Linux; Android 10; SAMSUNG SM-N9600) AppleWebKit/537.36 (KHTML, like Gecko) SamsungBrowser/21.0 Chrome/110.0.5481.154 Mobile Safari/537.36"
192.168.43.1 - - [02/May/2024:09:58:01 +0800] "GET /js/debug.js HTTP/1.1" 200 1055 "http://192.168.43.71/" "Mozilla/5.0 (Linux; Android 10; SAMSUNG SM-N9600) AppleWebKit/537.36 (KHTML, like Gecko) SamsungBrowser/21.0 Chrome/110.0.5481.154 Mobile Safari/537.36"
192.168.43.1 - - [02/May/2024:09:58:01 +0800] "GET /js/signalling.js HTTP/1.1" 200 7970 "http://192.168.43.71/" "Mozilla/5.0 (Linux; Android 10; SAMSUNG SM-N9600) AppleWebKit/537.36 (KHTML, like Gecko) SamsungBrowser/21.0 Chrome/110.0.5481.154 Mobile Safari/537.36"
192.168.43.1 - - [02/May/2024:09:58:01 +0800] "GET /js/webrtc.js HTTP/1.1" 200 19893 "http://192.168.43.71/" "Mozilla/5.0 (Linux; Android 10; SAMSUNG SM-N9600) AppleWebKit/537.36 (KHTML, like Gecko) SamsungBrowser/21.0 Chrome/110.0.5481.154 Mobile Safari/537.36"
192.168.43.1 - - [02/May/2024:09:58:01 +0800] "GET /js/guacamole-keyboard-selkies.js HTTP/1.1" 200 49544 "http://192.168.43.71/" "Mozilla/5.0 (Linux; Android 10; SAMSUNG SM-N9600) AppleWebKit/537.36 (KHTML, like Gecko) SamsungBrowser/21.0 Chrome/110.0.5481.154 Mobile Safari/537.36"
192.168.43.1 - - [02/May/2024:09:58:01 +0800] "GET /js/input.js HTTP/1.1" 200 22164 "http://192.168.43.71/" "Mozilla/5.0 (Linux; Android 10; SAMSUNG SM-N9600) AppleWebKit/537.36 (KHTML, like Gecko) SamsungBrowser/21.0 Chrome/110.0.5481.154 Mobile Safari/537.36"
192.168.43.1 - - [02/May/2024:09:58:01 +0800] "GET /js/app.js HTTP/1.1" 200 19690 "http://192.168.43.71/" "Mozilla/5.0 (Linux; Android 10; SAMSUNG SM-N9600) AppleWebKit/537.36 (KHTML, like Gecko) SamsungBrowser/21.0 Chrome/110.0.5481.154 Mobile Safari/537.36"
192.168.43.1 - - [02/May/2024:09:58:01 +0800] "GET /image/debug-on.svg HTTP/1.1" 200 954 "http://192.168.43.71/" "Mozilla/5.0 (Linux; Android 10; SAMSUNG SM-N9600) AppleWebKit/537.36 (KHTML, like Gecko) SamsungBrowser/21.0 Chrome/110.0.5481.154 Mobile Safari/537.36"
192.168.43.1 - - [02/May/2024:09:58:01 +0800] "GET /image/refresh.svg HTTP/1.1" 200 1531 "http://192.168.43.71/" "Mozilla/5.0 (Linux; Android 10; SAMSUNG SM-N9600) AppleWebKit/537.36 (KHTML, like Gecko) SamsungBrowser/21.0 Chrome/110.0.5481.154 Mobile Safari/537.36"
192.168.43.1 - - [02/May/2024:09:58:01 +0800] "GET /image/audio-off.svg HTTP/1.1" 200 1259 "http://192.168.43.71/" "Mozilla/5.0 (Linux; Android 10; SAMSUNG SM-N9600) AppleWebKit/537.36 (KHTML, like Gecko) SamsungBrowser/21.0 Chrome/110.0.5481.154 Mobile Safari/537.36"
192.168.43.1 - - [02/May/2024:09:58:01 +0800] "GET /image/fullscreen-off.svg HTTP/1.1" 200 1469 "http://192.168.43.71/" "Mozilla/5.0 (Linux; Android 10; SAMSUNG SM-N9600) AppleWebKit/537.36 (KHTML, like Gecko) SamsungBrowser/21.0 Chrome/110.0.5481.154 Mobile Safari/537.36"
127.0.0.1 - - [02/May/2024:09:59:01 +0800] "GET /image/debug-off.svg HTTP/1.1" 200 954 "http://127.0.0.1/" "Mozilla/5.0 (Windows NT 10.0; Win64; x64) AppleWebKit/537.36 (KHTML, like Gecko) Chrome/107.0.0.0 Safari/537.36"
127.0.0.1 - - [02/May/2024:10:02:20 +0800] "GET / HTTP/1.1" 200 11524 "-" "Mozilla/5.0 (Windows NT 10.0; Win64; x64) AppleWebKit/537.36 (KHTML, like Gecko) Chrome/107.0.0.0 Safari/537.36"
127.0.0.1 - - [02/May/2024:10:02:20 +0800] "GET /js/debug.js HTTP/1.1" 304 0 "http://127.0.0.1/" "Mozilla/5.0 (Windows NT 10.0; Win64; x64) AppleWebKit/537.36 (KHTML, like Gecko) Chrome/107.0.0.0 Safari/537.36"
127.0.0.1 - - [02/May/2024:10:02:20 +0800] "GET /js/app.js HTTP/1.1" 304 0 "http://127.0.0.1/" "Mozilla/5.0 (Windows NT 10.0; Win64; x64) AppleWebKit/537.36 (KHTML, like Gecko) Chrome/107.0.0.0 Safari/537.36"
192.168.43.1 - - [02/May/2024:10:02:31 +0800] "GET / HTTP/1.1" 200 11524 "-" "Mozilla/5.0 (Linux; Android 10; SAMSUNG SM-N9600) AppleWebKit/537.36 (KHTML, like Gecko) SamsungBrowser/21.0 Chrome/110.0.5481.154 Mobile Safari/537.36"
192.168.43.1 - - [02/May/2024:10:02:31 +0800] "GET /js/debug.js HTTP/1.1" 304 0 "http://192.168.43.71/" "Mozilla/5.0 (Linux; Android 10; SAMSUNG SM-N9600) AppleWebKit/537.36 (KHTML, like Gecko) SamsungBrowser/21.0 Chrome/110.0.5481.154 Mobile Safari/537.36"
192.168.43.1 - - [02/May/2024:10:02:31 +0800] "GET /js/app.js HTTP/1.1" 304 0 "http://192.168.43.71/" "Mozilla/5.0 (Linux; Android 10; SAMSUNG SM-N9600) AppleWebKit/537.36 (KHTML, like Gecko) SamsungBrowser/21.0 Chrome/110.0.5481.154 Mobile Safari/537.36"
127.0.0.1 - - [02/May/2024:10:05:17 +0800] "GET / HTTP/1.1" 200 11538 "-" "Mozilla/5.0 (Windows NT 10.0; Win64; x64) AppleWebKit/537.36 (KHTML, like Gecko) Chrome/107.0.0.0 Safari/537.36"
127.0.0.1 - - [02/May/2024:10:05:17 +0800] "GET /js/debug.js HTTP/1.1" 304 0 "http://127.0.0.1/" "Mozilla/5.0 (Windows NT 10.0; Win64; x64) AppleWebKit/537.36 (KHTML, like Gecko) Chrome/107.0.0.0 Safari/537.36"
127.0.0.1 - - [02/May/2024:10:05:17 +0800] "GET /js/app.js HTTP/1.1" 304 0 "http://127.0.0.1/" "Mozilla/5.0 (Windows NT 10.0; Win64; x64) AppleWebKit/537.36 (KHTML, like Gecko) Chrome/107.0.0.0 Safari/537.36"
127.0.0.1 - - [02/May/2024:10:08:01 +0800] "GET / HTTP/1.1" 200 11536 "-" "Mozilla/5.0 (Windows NT 10.0; Win64; x64) AppleWebKit/537.36 (KHTML, like Gecko) Chrome/107.0.0.0 Safari/537.36"
127.0.0.1 - - [02/May/2024:10:08:01 +0800] "GET /js/debug.js HTTP/1.1" 304 0 "http://127.0.0.1/" "Mozilla/5.0 (Windows NT 10.0; Win64; x64) AppleWebKit/537.36 (KHTML, like Gecko) Chrome/107.0.0.0 Safari/537.36"
127.0.0.1 - - [02/May/2024:10:08:01 +0800] "GET /js/app.js HTTP/1.1" 304 0 "http://127.0.0.1/" "Mozilla/5.0 (Windows NT 10.0; Win64; x64) AppleWebKit/537.36 (KHTML, like Gecko) Chrome/107.0.0.0 Safari/537.36"
127.0.0.1 - - [02/May/2024:10:08:49 +0800] "GET / HTTP/1.1" 200 11548 "-" "Mozilla/5.0 (Windows NT 10.0; Win64; x64) AppleWebKit/537.36 (KHTML, like Gecko) Chrome/107.0.0.0 Safari/537.36"
192.168.43.1 - - [02/May/2024:10:11:23 +0800] "GET /image/debug-off.svg HTTP/1.1" 200 954 "http://192.168.43.71/" "Mozilla/5.0 (Linux; Android 10; SAMSUNG SM-N9600) AppleWebKit/537.36 (KHTML, like Gecko) SamsungBrowser/21.0 Chrome/110.0.5481.154 Mobile Safari/537.36"
192.168.43.1 - - [02/May/2024:10:11:26 +0800] "GET / HTTP/1.1" 200 11548 "http://192.168.43.71/" "Mozilla/5.0 (Linux; Android 10; SAMSUNG SM-N9600) AppleWebKit/537.36 (KHTML, like Gecko) SamsungBrowser/21.0 Chrome/110.0.5481.154 Mobile Safari/537.36"
192.168.43.1 - - [02/May/2024:10:11:26 +0800] "GET /js/debug.js HTTP/1.1" 304 0 "http://192.168.43.71/" "Mozilla/5.0 (Linux; Android 10; SAMSUNG SM-N9600) AppleWebKit/537.36 (KHTML, like Gecko) SamsungBrowser/21.0 Chrome/110.0.5481.154 Mobile Safari/537.36"
192.168.43.1 - - [02/May/2024:10:11:26 +0800] "GET /js/app.js HTTP/1.1" 304 0 "http://192.168.43.71/" "Mozilla/5.0 (Linux; Android 10; SAMSUNG SM-N9600) AppleWebKit/537.36 (KHTML, like Gecko) SamsungBrowser/21.0 Chrome/110.0.5481.154 Mobile Safari/537.36"
127.0.0.1 - - [02/May/2024:10:13:24 +0800] "GET / HTTP/1.1" 200 11551 "-" "Mozilla/5.0 (Windows NT 10.0; Win64; x64) AppleWebKit/537.36 (KHTML, like Gecko) Chrome/107.0.0.0 Safari/537.36"
127.0.0.1 - - [02/May/2024:10:13:24 +0800] "GET /js/debug.js HTTP/1.1" 304 0 "http://127.0.0.1/" "Mozilla/5.0 (Windows NT 10.0; Win64; x64) AppleWebKit/537.36 (KHTML, like Gecko) Chrome/107.0.0.0 Safari/537.36"
127.0.0.1 - - [02/May/2024:10:13:24 +0800] "GET /js/app.js HTTP/1.1" 304 0 "http://127.0.0.1/" "Mozilla/5.0 (Windows NT 10.0; Win64; x64) AppleWebKit/537.36 (KHTML, like Gecko) Chrome/107.0.0.0 Safari/537.36"
192.168.43.1 - - [02/May/2024:10:13:52 +0800] "GET / HTTP/1.1" 200 11551 "http://192.168.43.71/" "Mozilla/5.0 (Linux; Android 10; SAMSUNG SM-N9600) AppleWebKit/537.36 (KHTML, like Gecko) SamsungBrowser/21.0 Chrome/110.0.5481.154 Mobile Safari/537.36"
192.168.43.1 - - [02/May/2024:10:13:52 +0800] "GET /js/debug.js HTTP/1.1" 304 0 "http://192.168.43.71/" "Mozilla/5.0 (Linux; Android 10; SAMSUNG SM-N9600) AppleWebKit/537.36 (KHTML, like Gecko) SamsungBrowser/21.0 Chrome/110.0.5481.154 Mobile Safari/537.36"
127.0.0.1 - - [02/May/2024:10:15:01 +0800] "GET / HTTP/1.1" 200 11565 "-" "Mozilla/5.0 (Windows NT 10.0; Win64; x64) AppleWebKit/537.36 (KHTML, like Gecko) Chrome/107.0.0.0 Safari/537.36"
127.0.0.1 - - [02/May/2024:10:15:31 +0800] "GET / HTTP/1.1" 200 11563 "-" "Mozilla/5.0 (Windows NT 10.0; Win64; x64) AppleWebKit/537.36 (KHTML, like Gecko) Chrome/107.0.0.0 Safari/537.36"
127.0.0.1 - - [02/May/2024:10:15:31 +0800] "GET /js/debug.js HTTP/1.1" 304 0 "http://127.0.0.1/" "Mozilla/5.0 (Windows NT 10.0; Win64; x64) AppleWebKit/537.36 (KHTML, like Gecko) Chrome/107.0.0.0 Safari/537.36"
127.0.0.1 - - [02/May/2024:10:16:02 +0800] "GET / HTTP/1.1" 200 11584 "-" "Mozilla/5.0 (Windows NT 10.0; Win64; x64) AppleWebKit/537.36 (KHTML, like Gecko) Chrome/107.0.0.0 Safari/537.36"
127.0.0.1 - - [02/May/2024:10:16:52 +0800] "GET / HTTP/1.1" 200 11590 "-" "Mozilla/5.0 (Windows NT 10.0; Win64; x64) AppleWebKit/537.36 (KHTML, like Gecko) Chrome/107.0.0.0 Safari/537.36"
127.0.0.1 - - [02/May/2024:10:16:52 +0800] "GET /js/app.js HTTP/1.1" 304 0 "http://127.0.0.1/" "Mozilla/5.0 (Windows NT 10.0; Win64; x64) AppleWebKit/537.36 (KHTML, like Gecko) Chrome/107.0.0.0 Safari/537.36"
127.0.0.1 - - [02/May/2024:10:17:07 +0800] "GET / HTTP/1.1" 200 11611 "-" "Mozilla/5.0 (Windows NT 10.0; Win64; x64) AppleWebKit/537.36 (KHTML, like Gecko) Chrome/107.0.0.0 Safari/537.36"
127.0.0.1 - - [02/May/2024:10:17:24 +0800] "GET / HTTP/1.1" 200 11611 "-" "Mozilla/5.0 (Windows NT 10.0; Win64; x64) AppleWebKit/537.36 (KHTML, like Gecko) Chrome/107.0.0.0 Safari/537.36"
127.0.0.1 - - [02/May/2024:10:17:24 +0800] "GET /js/debug.js HTTP/1.1" 304 0 "http://127.0.0.1/" "Mozilla/5.0 (Windows NT 10.0; Win64; x64) AppleWebKit/537.36 (KHTML, like Gecko) Chrome/107.0.0.0 Safari/537.36"
127.0.0.1 - - [02/May/2024:10:17:51 +0800] "GET / HTTP/1.1" 200 11617 "-" "Mozilla/5.0 (Windows NT 10.0; Win64; x64) AppleWebKit/537.36 (KHTML, like Gecko) Chrome/107.0.0.0 Safari/537.36"
127.0.0.1 - - [02/May/2024:10:18:12 +0800] "GET / HTTP/1.1" 200 11611 "-" "Mozilla/5.0 (Windows NT 10.0; Win64; x64) AppleWebKit/537.36 (KHTML, like Gecko) Chrome/107.0.0.0 Safari/537.36"
127.0.0.1 - - [02/May/2024:10:18:24 +0800] "GET / HTTP/1.1" 200 11617 "-" "Mozilla/5.0 (Windows NT 10.0; Win64; x64) AppleWebKit/537.36 (KHTML, like Gecko) Chrome/107.0.0.0 Safari/537.36"
192.168.43.1 - - [02/May/2024:10:18:38 +0800] "GET / HTTP/1.1" 200 11617 "http://192.168.43.71/" "Mozilla/5.0 (Linux; Android 10; SAMSUNG SM-N9600) AppleWebKit/537.36 (KHTML, like Gecko) SamsungBrowser/21.0 Chrome/110.0.5481.154 Mobile Safari/537.36"
192.168.43.1 - - [02/May/2024:10:18:38 +0800] "GET /js/debug.js HTTP/1.1" 304 0 "http://192.168.43.71/" "Mozilla/5.0 (Linux; Android 10; SAMSUNG SM-N9600) AppleWebKit/537.36 (KHTML, like Gecko) SamsungBrowser/21.0 Chrome/110.0.5481.154 Mobile Safari/537.36"
192.168.43.1 - - [02/May/2024:10:18:38 +0800] "GET /js/app.js HTTP/1.1" 304 0 "http://192.168.43.71/" "Mozilla/5.0 (Linux; Android 10; SAMSUNG SM-N9600) AppleWebKit/537.36 (KHTML, like Gecko) SamsungBrowser/21.0 Chrome/110.0.5481.154 Mobile Safari/537.36"
127.0.0.1 - - [02/May/2024:10:19:32 +0800] "GET / HTTP/1.1" 200 11633 "-" "Mozilla/5.0 (Windows NT 10.0; Win64; x64) AppleWebKit/537.36 (KHTML, like Gecko) Chrome/107.0.0.0 Safari/537.36"
127.0.0.1 - - [02/May/2024:10:19:32 +0800] "GET /js/debug.js HTTP/1.1" 304 0 "http://127.0.0.1/" "Mozilla/5.0 (Windows NT 10.0; Win64; x64) AppleWebKit/537.36 (KHTML, like Gecko) Chrome/107.0.0.0 Safari/537.36"
192.168.43.1 - - [02/May/2024:10:19:39 +0800] "GET / HTTP/1.1" 200 11633 "http://192.168.43.71/" "Mozilla/5.0 (Linux; Android 10; SAMSUNG SM-N9600) AppleWebKit/537.36 (KHTML, like Gecko) SamsungBrowser/21.0 Chrome/110.0.5481.154 Mobile Safari/537.36"
127.0.0.1 - - [02/May/2024:10:20:52 +0800] "GET / HTTP/1.1" 200 11664 "-" "Mozilla/5.0 (Windows NT 10.0; Win64; x64) AppleWebKit/537.36 (KHTML, like Gecko) Chrome/107.0.0.0 Safari/537.36"
127.0.0.1 - - [02/May/2024:10:20:52 +0800] "GET /js/app.js HTTP/1.1" 304 0 "http://127.0.0.1/" "Mozilla/5.0 (Windows NT 10.0; Win64; x64) AppleWebKit/537.36 (KHTML, like Gecko) Chrome/107.0.0.0 Safari/537.36"
127.0.0.1 - - [02/May/2024:10:21:09 +0800] "GET / HTTP/1.1" 200 11657 "-" "Mozilla/5.0 (Windows NT 10.0; Win64; x64) AppleWebKit/537.36 (KHTML, like Gecko) Chrome/107.0.0.0 Safari/537.36"
127.0.0.1 - - [02/May/2024:10:22:26 +0800] "GET / HTTP/1.1" 200 11742 "-" "Mozilla/5.0 (Windows NT 10.0; Win64; x64) AppleWebKit/537.36 (KHTML, like Gecko) Chrome/107.0.0.0 Safari/537.36"
127.0.0.1 - - [02/May/2024:10:22:26 +0800] "GET /js/debug.js HTTP/1.1" 304 0 "http://127.0.0.1/" "Mozilla/5.0 (Windows NT 10.0; Win64; x64) AppleWebKit/537.36 (KHTML, like Gecko) Chrome/107.0.0.0 Safari/537.36"
127.0.0.1 - - [02/May/2024:10:22:44 +0800] "GET / HTTP/1.1" 200 11793 "-" "Mozilla/5.0 (Windows NT 10.0; Win64; x64) AppleWebKit/537.36 (KHTML, like Gecko) Chrome/107.0.0.0 Safari/537.36"
127.0.0.1 - - [02/May/2024:10:23:14 +0800] "GET / HTTP/1.1" 200 11793 "-" "Mozilla/5.0 (Windows NT 10.0; Win64; x64) AppleWebKit/537.36 (KHTML, like Gecko) Chrome/107.0.0.0 Safari/537.36"
127.0.0.1 - - [02/May/2024:10:23:44 +0800] "GET / HTTP/1.1" 200 11793 "-" "Mozilla/5.0 (Windows NT 10.0; Win64; x64) AppleWebKit/537.36 (KHTML, like Gecko) Chrome/107.0.0.0 Safari/537.36"
127.0.0.1 - - [02/May/2024:10:24:20 +0800] "GET / HTTP/1.1" 200 11660 "-" "Mozilla/5.0 (Windows NT 10.0; Win64; x64) AppleWebKit/537.36 (KHTML, like Gecko) Chrome/107.0.0.0 Safari/537.36"
127.0.0.1 - - [02/May/2024:10:24:47 +0800] "GET / HTTP/1.1" 200 11663 "-" "Mozilla/5.0 (Windows NT 10.0; Win64; x64) AppleWebKit/537.36 (KHTML, like Gecko) Chrome/107.0.0.0 Safari/537.36"
127.0.0.1 - - [02/May/2024:10:24:47 +0800] "GET /js/app.js HTTP/1.1" 304 0 "http://127.0.0.1/" "Mozilla/5.0 (Windows NT 10.0; Win64; x64) AppleWebKit/537.36 (KHTML, like Gecko) Chrome/107.0.0.0 Safari/537.36"
127.0.0.1 - - [02/May/2024:10:25:06 +0800] "GET / HTTP/1.1" 200 11663 "-" "Mozilla/5.0 (Windows NT 10.0; Win64; x64) AppleWebKit/537.36 (KHTML, like Gecko) Chrome/107.0.0.0 Safari/537.36"
127.0.0.1 - - [02/May/2024:10:25:06 +0800] "GET /js/debug.js HTTP/1.1" 304 0 "http://127.0.0.1/" "Mozilla/5.0 (Windows NT 10.0; Win64; x64) AppleWebKit/537.36 (KHTML, like Gecko) Chrome/107.0.0.0 Safari/537.36"
127.0.0.1 - - [02/May/2024:10:25:26 +0800] "GET / HTTP/1.1" 200 11669 "-" "Mozilla/5.0 (Windows NT 10.0; Win64; x64) AppleWebKit/537.36 (KHTML, like Gecko) Chrome/107.0.0.0 Safari/537.36"
127.0.0.1 - - [02/May/2024:10:25:57 +0800] "GET / HTTP/1.1" 200 11663 "-" "Mozilla/5.0 (Windows NT 10.0; Win64; x64) AppleWebKit/537.36 (KHTML, like Gecko) Chrome/107.0.0.0 Safari/537.36"
127.0.0.1 - - [02/May/2024:10:26:19 +0800] "GET / HTTP/1.1" 200 11663 "-" "Mozilla/5.0 (Windows NT 10.0; Win64; x64) AppleWebKit/537.36 (KHTML, like Gecko) Chrome/107.0.0.0 Safari/537.36"
127.0.0.1 - - [02/May/2024:10:26:35 +0800] "GET / HTTP/1.1" 200 11664 "-" "Mozilla/5.0 (Windows NT 10.0; Win64; x64) AppleWebKit/537.36 (KHTML, like Gecko) Chrome/107.0.0.0 Safari/537.36"
127.0.0.1 - - [02/May/2024:10:26:46 +0800] "GET / HTTP/1.1" 200 11663 "-" "Mozilla/5.0 (Windows NT 10.0; Win64; x64) AppleWebKit/537.36 (KHTML, like Gecko) Chrome/107.0.0.0 Safari/537.36"
192.168.43.1 - - [02/May/2024:10:26:53 +0800] "GET / HTTP/1.1" 200 11663 "http://192.168.43.71/" "Mozilla/5.0 (Linux; Android 10; SAMSUNG SM-N9600) AppleWebKit/537.36 (KHTML, like Gecko) SamsungBrowser/21.0 Chrome/110.0.5481.154 Mobile Safari/537.36"
192.168.43.1 - - [02/May/2024:10:26:53 +0800] "GET /js/debug.js HTTP/1.1" 304 0 "http://192.168.43.71/" "Mozilla/5.0 (Linux; Android 10; SAMSUNG SM-N9600) AppleWebKit/537.36 (KHTML, like Gecko) SamsungBrowser/21.0 Chrome/110.0.5481.154 Mobile Safari/537.36"
192.168.43.1 - - [02/May/2024:10:26:53 +0800] "GET /js/app.js HTTP/1.1" 304 0 "http://192.168.43.71/" "Mozilla/5.0 (Linux; Android 10; SAMSUNG SM-N9600) AppleWebKit/537.36 (KHTML, like Gecko) SamsungBrowser/21.0 Chrome/110.0.5481.154 Mobile Safari/537.36"
127.0.0.1 - - [02/May/2024:10:27:36 +0800] "GET / HTTP/1.1" 200 11657 "-" "Mozilla/5.0 (Windows NT 10.0; Win64; x64) AppleWebKit/537.36 (KHTML, like Gecko) Chrome/107.0.0.0 Safari/537.36"
192.168.43.1 - - [02/May/2024:10:27:52 +0800] "GET / HTTP/1.1" 200 11657 "http://192.168.43.71/" "Mozilla/5.0 (Linux; Android 10; SAMSUNG SM-N9600) AppleWebKit/537.36 (KHTML, like Gecko) SamsungBrowser/21.0 Chrome/110.0.5481.154 Mobile Safari/537.36"
127.0.0.1 - - [02/May/2024:10:28:17 +0800] "GET / HTTP/1.1" 200 11657 "-" "Mozilla/5.0 (Windows NT 10.0; Win64; x64) AppleWebKit/537.36 (KHTML, like Gecko) Chrome/107.0.0.0 Safari/537.36"
127.0.0.1 - - [02/May/2024:10:28:18 +0800] "GET /js/debug.js HTTP/1.1" 304 0 "http://127.0.0.1/" "Mozilla/5.0 (Windows NT 10.0; Win64; x64) AppleWebKit/537.36 (KHTML, like Gecko) Chrome/107.0.0.0 Safari/537.36"
127.0.0.1 - - [02/May/2024:10:29:15 +0800] "GET / HTTP/1.1" 200 11657 "-" "Mozilla/5.0 (Windows NT 10.0; Win64; x64) AppleWebKit/537.36 (KHTML, like Gecko) Chrome/107.0.0.0 Safari/537.36"
127.0.0.1 - - [02/May/2024:10:29:15 +0800] "GET /js/app.js HTTP/1.1" 304 0 "http://127.0.0.1/" "Mozilla/5.0 (Windows NT 10.0; Win64; x64) AppleWebKit/537.36 (KHTML, like Gecko) Chrome/107.0.0.0 Safari/537.36"
127.0.0.1 - - [02/May/2024:10:30:05 +0800] "GET / HTTP/1.1" 200 11673 "-" "Mozilla/5.0 (Windows NT 10.0; Win64; x64) AppleWebKit/537.36 (KHTML, like Gecko) Chrome/107.0.0.0 Safari/537.36"
127.0.0.1 - - [02/May/2024:10:30:27 +0800] "GET / HTTP/1.1" 200 11564 "-" "Mozilla/5.0 (Windows NT 10.0; Win64; x64) AppleWebKit/537.36 (KHTML, like Gecko) Chrome/107.0.0.0 Safari/537.36"
127.0.0.1 - - [02/May/2024:10:30:46 +0800] "GET / HTTP/1.1" 200 11618 "-" "Mozilla/5.0 (Windows NT 10.0; Win64; x64) AppleWebKit/537.36 (KHTML, like Gecko) Chrome/107.0.0.0 Safari/537.36"
192.168.43.1 - - [02/May/2024:10:31:02 +0800] "GET / HTTP/1.1" 200 11618 "http://192.168.43.71/" "Mozilla/5.0 (Linux; Android 10; SAMSUNG SM-N9600) AppleWebKit/537.36 (KHTML, like Gecko) SamsungBrowser/21.0 Chrome/110.0.5481.154 Mobile Safari/537.36"
192.168.43.1 - - [02/May/2024:10:31:02 +0800] "GET /js/debug.js HTTP/1.1" 304 0 "http://192.168.43.71/" "Mozilla/5.0 (Linux; Android 10; SAMSUNG SM-N9600) AppleWebKit/537.36 (KHTML, like Gecko) SamsungBrowser/21.0 Chrome/110.0.5481.154 Mobile Safari/537.36"
127.0.0.1 - - [02/May/2024:10:31:26 +0800] "GET / HTTP/1.1" 200 11618 "-" "Mozilla/5.0 (Windows NT 10.0; Win64; x64) AppleWebKit/537.36 (KHTML, like Gecko) Chrome/107.0.0.0 Safari/537.36"
127.0.0.1 - - [02/May/2024:10:31:26 +0800] "GET /js/debug.js HTTP/1.1" 304 0 "http://127.0.0.1/" "Mozilla/5.0 (Windows NT 10.0; Win64; x64) AppleWebKit/537.36 (KHTML, like Gecko) Chrome/107.0.0.0 Safari/537.36"
192.168.43.1 - - [02/May/2024:10:31:49 +0800] "GET / HTTP/1.1" 200 11618 "http://192.168.43.71/" "Mozilla/5.0 (Linux; Android 10; SAMSUNG SM-N9600) AppleWebKit/537.36 (KHTML, like Gecko) SamsungBrowser/21.0 Chrome/110.0.5481.154 Mobile Safari/537.36"
192.168.43.1 - - [02/May/2024:10:31:49 +0800] "GET /js/app.js HTTP/1.1" 304 0 "http://192.168.43.71/" "Mozilla/5.0 (Linux; Android 10; SAMSUNG SM-N9600) AppleWebKit/537.36 (KHTML, like Gecko) SamsungBrowser/21.0 Chrome/110.0.5481.154 Mobile Safari/537.36"
127.0.0.1 - - [02/May/2024:10:36:41 +0800] "GET / HTTP/1.1" 200 11267 "-" "Mozilla/5.0 (Windows NT 10.0; Win64; x64) AppleWebKit/537.36 (KHTML, like Gecko) Chrome/107.0.0.0 Safari/537.36"
127.0.0.1 - - [02/May/2024:10:36:41 +0800] "GET /js/debug.js HTTP/1.1" 304 0 "http://127.0.0.1/" "Mozilla/5.0 (Windows NT 10.0; Win64; x64) AppleWebKit/537.36 (KHTML, like Gecko) Chrome/107.0.0.0 Safari/537.36"
127.0.0.1 - - [02/May/2024:10:36:41 +0800] "GET /js/app.js HTTP/1.1" 304 0 "http://127.0.0.1/" "Mozilla/5.0 (Windows NT 10.0; Win64; x64) AppleWebKit/537.36 (KHTML, like Gecko) Chrome/107.0.0.0 Safari/537.36"
127.0.0.1 - - [02/May/2024:10:48:27 +0800] "GET / HTTP/1.1" 200 11348 "-" "Mozilla/5.0 (Windows NT 10.0; Win64; x64) AppleWebKit/537.36 (KHTML, like Gecko) Chrome/107.0.0.0 Safari/537.36"
127.0.0.1 - - [02/May/2024:10:48:27 +0800] "GET /js/debug.js HTTP/1.1" 304 0 "http://127.0.0.1/" "Mozilla/5.0 (Windows NT 10.0; Win64; x64) AppleWebKit/537.36 (KHTML, like Gecko) Chrome/107.0.0.0 Safari/537.36"
127.0.0.1 - - [02/May/2024:10:48:27 +0800] "GET /js/app.js HTTP/1.1" 304 0 "http://127.0.0.1/" "Mozilla/5.0 (Windows NT 10.0; Win64; x64) AppleWebKit/537.36 (KHTML, like Gecko) Chrome/107.0.0.0 Safari/537.36"
127.0.0.1 - - [02/May/2024:10:49:02 +0800] "GET / HTTP/1.1" 200 11395 "-" "Mozilla/5.0 (Windows NT 10.0; Win64; x64) AppleWebKit/537.36 (KHTML, like Gecko) Chrome/107.0.0.0 Safari/537.36"
127.0.0.1 - - [02/May/2024:10:49:27 +0800] "GET / HTTP/1.1" 200 11418 "-" "Mozilla/5.0 (Windows NT 10.0; Win64; x64) AppleWebKit/537.36 (KHTML, like Gecko) Chrome/107.0.0.0 Safari/537.36"
127.0.0.1 - - [02/May/2024:10:49:45 +0800] "GET / HTTP/1.1" 200 11444 "-" "Mozilla/5.0 (Windows NT 10.0; Win64; x64) AppleWebKit/537.36 (KHTML, like Gecko) Chrome/107.0.0.0 Safari/537.36"
127.0.0.1 - - [02/May/2024:10:50:24 +0800] "GET / HTTP/1.1" 200 11462 "-" "Mozilla/5.0 (Windows NT 10.0; Win64; x64) AppleWebKit/537.36 (KHTML, like Gecko) Chrome/107.0.0.0 Safari/537.36"
127.0.0.1 - - [02/May/2024:10:51:08 +0800] "GET / HTTP/1.1" 200 11495 "-" "Mozilla/5.0 (Windows NT 10.0; Win64; x64) AppleWebKit/537.36 (KHTML, like Gecko) Chrome/107.0.0.0 Safari/537.36"
127.0.0.1 - - [02/May/2024:10:51:38 +0800] "GET / HTTP/1.1" 200 11469 "-" "Mozilla/5.0 (Windows NT 10.0; Win64; x64) AppleWebKit/537.36 (KHTML, like Gecko) Chrome/107.0.0.0 Safari/537.36"
127.0.0.1 - - [02/May/2024:10:52:10 +0800] "GET / HTTP/1.1" 200 11469 "-" "Mozilla/5.0 (Windows NT 10.0; Win64; x64) AppleWebKit/537.36 (KHTML, like Gecko) Chrome/107.0.0.0 Safari/537.36"
127.0.0.1 - - [02/May/2024:10:53:33 +0800] "GET / HTTP/1.1" 200 11511 "-" "Mozilla/5.0 (Windows NT 10.0; Win64; x64) AppleWebKit/537.36 (KHTML, like Gecko) Chrome/107.0.0.0 Safari/537.36"
127.0.0.1 - - [02/May/2024:10:53:56 +0800] "GET / HTTP/1.1" 200 11536 "-" "Mozilla/5.0 (Windows NT 10.0; Win64; x64) AppleWebKit/537.36 (KHTML, like Gecko) Chrome/107.0.0.0 Safari/537.36"
127.0.0.1 - - [02/May/2024:10:53:56 +0800] "GET /js/debug.js HTTP/1.1" 304 0 "http://127.0.0.1/" "Mozilla/5.0 (Windows NT 10.0; Win64; x64) AppleWebKit/537.36 (KHTML, like Gecko) Chrome/107.0.0.0 Safari/537.36"
127.0.0.1 - - [02/May/2024:10:54:23 +0800] "GET / HTTP/1.1" 200 11536 "-" "Mozilla/5.0 (Windows NT 10.0; Win64; x64) AppleWebKit/537.36 (KHTML, like Gecko) Chrome/107.0.0.0 Safari/537.36"
127.0.0.1 - - [02/May/2024:10:54:44 +0800] "GET / HTTP/1.1" 200 11545 "-" "Mozilla/5.0 (Windows NT 10.0; Win64; x64) AppleWebKit/537.36 (KHTML, like Gecko) Chrome/107.0.0.0 Safari/537.36"
127.0.0.1 - - [02/May/2024:10:55:09 +0800] "GET / HTTP/1.1" 200 11571 "-" "Mozilla/5.0 (Windows NT 10.0; Win64; x64) AppleWebKit/537.36 (KHTML, like Gecko) Chrome/107.0.0.0 Safari/537.36"
127.0.0.1 - - [02/May/2024:10:55:09 +0800] "GET /js/app.js HTTP/1.1" 304 0 "http://127.0.0.1/" "Mozilla/5.0 (Windows NT 10.0; Win64; x64) AppleWebKit/537.36 (KHTML, like Gecko) Chrome/107.0.0.0 Safari/537.36"
127.0.0.1 - - [02/May/2024:10:56:49 +0800] "GET / HTTP/1.1" 304 0 "-" "Mozilla/5.0 (Windows NT 10.0; Win64; x64) AppleWebKit/537.36 (KHTML, like Gecko) Chrome/107.0.0.0 Safari/537.36"
127.0.0.1 - - [02/May/2024:10:57:02 +0800] "GET / HTTP/1.1" 200 11571 "-" "Mozilla/5.0 (Windows NT 10.0; Win64; x64) AppleWebKit/537.36 (KHTML, like Gecko) Chrome/107.0.0.0 Safari/537.36"
127.0.0.1 - - [02/May/2024:10:57:02 +0800] "GET /js/adapter-latest.js HTTP/1.1" 200 138460 "http://127.0.0.1/" "Mozilla/5.0 (Windows NT 10.0; Win64; x64) AppleWebKit/537.36 (KHTML, like Gecko) Chrome/107.0.0.0 Safari/537.36"
127.0.0.1 - - [02/May/2024:10:57:02 +0800] "GET /js/debug.js HTTP/1.1" 200 1055 "http://127.0.0.1/" "Mozilla/5.0 (Windows NT 10.0; Win64; x64) AppleWebKit/537.36 (KHTML, like Gecko) Chrome/107.0.0.0 Safari/537.36"
127.0.0.1 - - [02/May/2024:10:57:02 +0800] "GET /js/signalling.js HTTP/1.1" 200 7970 "http://127.0.0.1/" "Mozilla/5.0 (Windows NT 10.0; Win64; x64) AppleWebKit/537.36 (KHTML, like Gecko) Chrome/107.0.0.0 Safari/537.36"
127.0.0.1 - - [02/May/2024:10:57:02 +0800] "GET /js/webrtc.js HTTP/1.1" 200 19893 "http://127.0.0.1/" "Mozilla/5.0 (Windows NT 10.0; Win64; x64) AppleWebKit/537.36 (KHTML, like Gecko) Chrome/107.0.0.0 Safari/537.36"
127.0.0.1 - - [02/May/2024:10:57:02 +0800] "GET /js/guacamole-keyboard-selkies.js HTTP/1.1" 200 49544 "http://127.0.0.1/" "Mozilla/5.0 (Windows NT 10.0; Win64; x64) AppleWebKit/537.36 (KHTML, like Gecko) Chrome/107.0.0.0 Safari/537.36"
127.0.0.1 - - [02/May/2024:10:57:02 +0800] "GET /js/input.js HTTP/1.1" 200 22164 "http://127.0.0.1/" "Mozilla/5.0 (Windows NT 10.0; Win64; x64) AppleWebKit/537.36 (KHTML, like Gecko) Chrome/107.0.0.0 Safari/537.36"
127.0.0.1 - - [02/May/2024:10:57:02 +0800] "GET /js/app.js HTTP/1.1" 200 19695 "http://127.0.0.1/" "Mozilla/5.0 (Windows NT 10.0; Win64; x64) AppleWebKit/537.36 (KHTML, like Gecko) Chrome/107.0.0.0 Safari/537.36"
127.0.0.1 - - [02/May/2024:10:57:02 +0800] "GET /image/refresh.svg HTTP/1.1" 200 1531 "http://127.0.0.1/" "Mozilla/5.0 (Windows NT 10.0; Win64; x64) AppleWebKit/537.36 (KHTML, like Gecko) Chrome/107.0.0.0 Safari/537.36"
127.0.0.1 - - [02/May/2024:10:57:02 +0800] "GET /image/audio-off.svg HTTP/1.1" 200 1259 "http://127.0.0.1/" "Mozilla/5.0 (Windows NT 10.0; Win64; x64) AppleWebKit/537.36 (KHTML, like Gecko) Chrome/107.0.0.0 Safari/537.36"
127.0.0.1 - - [02/May/2024:10:57:02 +0800] "GET /image/debug-on.svg HTTP/1.1" 200 954 "http://127.0.0.1/" "Mozilla/5.0 (Windows NT 10.0; Win64; x64) AppleWebKit/537.36 (KHTML, like Gecko) Chrome/107.0.0.0 Safari/537.36"
127.0.0.1 - - [02/May/2024:10:57:02 +0800] "GET /image/fullscreen-off.svg HTTP/1.1" 200 1469 "http://127.0.0.1/" "Mozilla/5.0 (Windows NT 10.0; Win64; x64) AppleWebKit/537.36 (KHTML, like Gecko) Chrome/107.0.0.0 Safari/537.36"
192.168.43.1 - - [02/May/2024:10:57:29 +0800] "GET /js/debug.js HTTP/1.1" 304 0 "http://192.168.43.71/" "Mozilla/5.0 (Linux; Android 10; SAMSUNG SM-N9600) AppleWebKit/537.36 (KHTML, like Gecko) SamsungBrowser/21.0 Chrome/110.0.5481.154 Mobile Safari/537.36"
192.168.43.1 - - [02/May/2024:10:57:29 +0800] "GET /js/app.js HTTP/1.1" 200 19695 "http://192.168.43.71/" "Mozilla/5.0 (Linux; Android 10; SAMSUNG SM-N9600) AppleWebKit/537.36 (KHTML, like Gecko) SamsungBrowser/21.0 Chrome/110.0.5481.154 Mobile Safari/537.36"
192.168.43.1 - - [02/May/2024:10:57:29 +0800] "GET /favicon.ico HTTP/1.1" 404 555 "http://192.168.43.71/" "Mozilla/5.0 (Linux; Android 10; SAMSUNG SM-N9600) AppleWebKit/537.36 (KHTML, like Gecko) SamsungBrowser/21.0 Chrome/110.0.5481.154 Mobile Safari/537.36"
192.168.43.1 - - [02/May/2024:10:57:30 +0800] "GET / HTTP/1.1" 200 11571 "http://192.168.43.71/" "Mozilla/5.0 (Linux; Android 10; SAMSUNG SM-N9600) AppleWebKit/537.36 (KHTML, like Gecko) SamsungBrowser/21.0 Chrome/110.0.5481.154 Mobile Safari/537.36"
192.168.43.1 - - [02/May/2024:10:58:13 +0800] "GET /image/fullscreen-on.svg HTTP/1.1" 200 1469 "http://192.168.43.71/" "Mozilla/5.0 (Linux; Android 10; SAMSUNG SM-N9600) AppleWebKit/537.36 (KHTML, like Gecko) SamsungBrowser/21.0 Chrome/110.0.5481.154 Mobile Safari/537.36"
192.168.43.1 - - [02/May/2024:11:01:39 +0800] "GET / HTTP/1.1" 304 0 "-" "Mozilla/5.0 (X11; Linux x86_64) AppleWebKit/537.36 (KHTML, like Gecko) SamsungBrowser/21.0 Chrome/110.0.5481.154 Safari/537.36"
192.168.43.1 - - [02/May/2024:11:01:39 +0800] "GET /js/app.js HTTP/1.1" 304 0 "http://192.168.43.71/" "Mozilla/5.0 (X11; Linux x86_64) AppleWebKit/537.36 (KHTML, like Gecko) SamsungBrowser/21.0 Chrome/110.0.5481.154 Safari/537.36"
192.168.43.1 - - [02/May/2024:11:02:32 +0800] "GET / HTTP/1.1" 304 0 "-" "Mozilla/5.0 (Linux; Android 10; SAMSUNG SM-N9600) AppleWebKit/537.36 (KHTML, like Gecko) SamsungBrowser/21.0 Chrome/110.0.5481.154 Mobile Safari/537.36"
192.168.43.1 - - [02/May/2024:11:02:32 +0800] "GET /js/app.js HTTP/1.1" 304 0 "http://192.168.43.71/" "Mozilla/5.0 (Linux; Android 10; SAMSUNG SM-N9600) AppleWebKit/537.36 (KHTML, like Gecko) SamsungBrowser/21.0 Chrome/110.0.5481.154 Mobile Safari/537.36"
127.0.0.1 - - [02/May/2024:11:15:25 +0800] "GET / HTTP/1.1" 200 11737 "-" "Mozilla/5.0 (Windows NT 10.0; Win64; x64) AppleWebKit/537.36 (KHTML, like Gecko) Chrome/107.0.0.0 Safari/537.36"
127.0.0.1 - - [02/May/2024:11:15:25 +0800] "GET /js/debug.js HTTP/1.1" 304 0 "http://127.0.0.1/" "Mozilla/5.0 (Windows NT 10.0; Win64; x64) AppleWebKit/537.36 (KHTML, like Gecko) Chrome/107.0.0.0 Safari/537.36"
127.0.0.1 - - [02/May/2024:11:15:25 +0800] "GET /js/app.js HTTP/1.1" 200 19694 "http://127.0.0.1/" "Mozilla/5.0 (Windows NT 10.0; Win64; x64) AppleWebKit/537.36 (KHTML, like Gecko) Chrome/107.0.0.0 Safari/537.36"
127.0.0.1 - - [02/May/2024:11:15:46 +0800] "GET / HTTP/1.1" 200 11765 "-" "Mozilla/5.0 (Windows NT 10.0; Win64; x64) AppleWebKit/537.36 (KHTML, like Gecko) Chrome/107.0.0.0 Safari/537.36"
127.0.0.1 - - [02/May/2024:11:15:46 +0800] "GET /js/app.js HTTP/1.1" 304 0 "http://127.0.0.1/" "Mozilla/5.0 (Windows NT 10.0; Win64; x64) AppleWebKit/537.36 (KHTML, like Gecko) Chrome/107.0.0.0 Safari/537.36"
127.0.0.1 - - [02/May/2024:11:19:05 +0800] "GET / HTTP/1.1" 200 11937 "-" "Mozilla/5.0 (Windows NT 10.0; Win64; x64) AppleWebKit/537.36 (KHTML, like Gecko) Chrome/107.0.0.0 Safari/537.36"
127.0.0.1 - - [02/May/2024:11:19:05 +0800] "GET /js/app.js HTTP/1.1" 304 0 "http://127.0.0.1/" "Mozilla/5.0 (Windows NT 10.0; Win64; x64) AppleWebKit/537.36 (KHTML, like Gecko) Chrome/107.0.0.0 Safari/537.36"
127.0.0.1 - - [02/May/2024:11:20:50 +0800] "GET / HTTP/1.1" 200 12031 "-" "Mozilla/5.0 (Windows NT 10.0; Win64; x64) AppleWebKit/537.36 (KHTML, like Gecko) Chrome/107.0.0.0 Safari/537.36"
127.0.0.1 - - [02/May/2024:11:20:50 +0800] "GET /js/app.js HTTP/1.1" 304 0 "http://127.0.0.1/" "Mozilla/5.0 (Windows NT 10.0; Win64; x64) AppleWebKit/537.36 (KHTML, like Gecko) Chrome/107.0.0.0 Safari/537.36"
127.0.0.1 - - [02/May/2024:11:21:02 +0800] "GET / HTTP/1.1" 200 12038 "-" "Mozilla/5.0 (Windows NT 10.0; Win64; x64) AppleWebKit/537.36 (KHTML, like Gecko) Chrome/107.0.0.0 Safari/537.36"
127.0.0.1 - - [02/May/2024:11:21:12 +0800] "GET / HTTP/1.1" 304 0 "-" "Mozilla/5.0 (Windows NT 10.0; Win64; x64) AppleWebKit/537.36 (KHTML, like Gecko) Chrome/107.0.0.0 Safari/537.36"
127.0.0.1 - - [02/May/2024:11:21:14 +0800] "GET / HTTP/1.1" 304 0 "-" "Mozilla/5.0 (Windows NT 10.0; Win64; x64) AppleWebKit/537.36 (KHTML, like Gecko) Chrome/107.0.0.0 Safari/537.36"
127.0.0.1 - - [02/May/2024:11:22:13 +0800] "GET / HTTP/1.1" 200 12213 "-" "Mozilla/5.0 (Windows NT 10.0; Win64; x64) AppleWebKit/537.36 (KHTML, like Gecko) Chrome/107.0.0.0 Safari/537.36"
127.0.0.1 - - [02/May/2024:11:22:13 +0800] "GET /js/app.js HTTP/1.1" 304 0 "http://127.0.0.1/" "Mozilla/5.0 (Windows NT 10.0; Win64; x64) AppleWebKit/537.36 (KHTML, like Gecko) Chrome/107.0.0.0 Safari/537.36"
127.0.0.1 - - [02/May/2024:11:24:00 +0800] "GET / HTTP/1.1" 200 12268 "-" "Mozilla/5.0 (Windows NT 10.0; Win64; x64) AppleWebKit/537.36 (KHTML, like Gecko) Chrome/107.0.0.0 Safari/537.36"
127.0.0.1 - - [02/May/2024:11:24:00 +0800] "GET /js/debug.js HTTP/1.1" 304 0 "http://127.0.0.1/" "Mozilla/5.0 (Windows NT 10.0; Win64; x64) AppleWebKit/537.36 (KHTML, like Gecko) Chrome/107.0.0.0 Safari/537.36"
127.0.0.1 - - [02/May/2024:11:24:00 +0800] "GET /js/app.js HTTP/1.1" 304 0 "http://127.0.0.1/" "Mozilla/5.0 (Windows NT 10.0; Win64; x64) AppleWebKit/537.36 (KHTML, like Gecko) Chrome/107.0.0.0 Safari/537.36"
127.0.0.1 - - [02/May/2024:11:24:08 +0800] "GET / HTTP/1.1" 304 0 "-" "Mozilla/5.0 (Windows NT 10.0; Win64; x64) AppleWebKit/537.36 (KHTML, like Gecko) Chrome/107.0.0.0 Safari/537.36"
127.0.0.1 - - [02/May/2024:11:24:11 +0800] "GET / HTTP/1.1" 304 0 "-" "Mozilla/5.0 (Windows NT 10.0; Win64; x64) AppleWebKit/537.36 (KHTML, like Gecko) Chrome/107.0.0.0 Safari/537.36"
127.0.0.1 - - [02/May/2024:11:25:26 +0800] "GET / HTTP/1.1" 200 12354 "-" "Mozilla/5.0 (Windows NT 10.0; Win64; x64) AppleWebKit/537.36 (KHTML, like Gecko) Chrome/107.0.0.0 Safari/537.36"
127.0.0.1 - - [02/May/2024:11:25:26 +0800] "GET /js/app.js HTTP/1.1" 304 0 "http://127.0.0.1/" "Mozilla/5.0 (Windows NT 10.0; Win64; x64) AppleWebKit/537.36 (KHTML, like Gecko) Chrome/107.0.0.0 Safari/537.36"
127.0.0.1 - - [02/May/2024:11:54:57 +0800] "GET / HTTP/1.1" 200 12452 "-" "Mozilla/5.0 (Windows NT 10.0; Win64; x64) AppleWebKit/537.36 (KHTML, like Gecko) Chrome/107.0.0.0 Safari/537.36"
127.0.0.1 - - [02/May/2024:11:54:57 +0800] "GET /js/debug.js HTTP/1.1" 304 0 "http://127.0.0.1/" "Mozilla/5.0 (Windows NT 10.0; Win64; x64) AppleWebKit/537.36 (KHTML, like Gecko) Chrome/107.0.0.0 Safari/537.36"
127.0.0.1 - - [02/May/2024:11:54:57 +0800] "GET /js/app.js HTTP/1.1" 304 0 "http://127.0.0.1/" "Mozilla/5.0 (Windows NT 10.0; Win64; x64) AppleWebKit/537.36 (KHTML, like Gecko) Chrome/107.0.0.0 Safari/537.36"
127.0.0.1 - - [02/May/2024:11:55:14 +0800] "GET / HTTP/1.1" 200 12454 "-" "Mozilla/5.0 (Windows NT 10.0; Win64; x64) AppleWebKit/537.36 (KHTML, like Gecko) Chrome/107.0.0.0 Safari/537.36"
127.0.0.1 - - [02/May/2024:11:57:37 +0800] "GET / HTTP/1.1" 200 12491 "-" "Mozilla/5.0 (Windows NT 10.0; Win64; x64) AppleWebKit/537.36 (KHTML, like Gecko) Chrome/107.0.0.0 Safari/537.36"
127.0.0.1 - - [02/May/2024:11:57:48 +0800] "GET / HTTP/1.1" 304 0 "-" "Mozilla/5.0 (Windows NT 10.0; Win64; x64) AppleWebKit/537.36 (KHTML, like Gecko) Chrome/107.0.0.0 Safari/537.36"
127.0.0.1 - - [02/May/2024:11:57:50 +0800] "GET / HTTP/1.1" 304 0 "-" "Mozilla/5.0 (Windows NT 10.0; Win64; x64) AppleWebKit/537.36 (KHTML, like Gecko) Chrome/107.0.0.0 Safari/537.36"
127.0.0.1 - - [02/May/2024:11:57:57 +0800] "GET / HTTP/1.1" 200 12493 "-" "Mozilla/5.0 (Windows NT 10.0; Win64; x64) AppleWebKit/537.36 (KHTML, like Gecko) Chrome/107.0.0.0 Safari/537.36"
127.0.0.1 - - [02/May/2024:12:30:24 +0800] "GET / HTTP/1.1" 200 12521 "-" "Mozilla/5.0 (Windows NT 10.0; Win64; x64) AppleWebKit/537.36 (KHTML, like Gecko) Chrome/107.0.0.0 Safari/537.36"
127.0.0.1 - - [02/May/2024:12:30:24 +0800] "GET /js/debug.js HTTP/1.1" 304 0 "http://127.0.0.1/" "Mozilla/5.0 (Windows NT 10.0; Win64; x64) AppleWebKit/537.36 (KHTML, like Gecko) Chrome/107.0.0.0 Safari/537.36"
127.0.0.1 - - [02/May/2024:12:30:24 +0800] "GET /js/app.js HTTP/1.1" 304 0 "http://127.0.0.1/" "Mozilla/5.0 (Windows NT 10.0; Win64; x64) AppleWebKit/537.36 (KHTML, like Gecko) Chrome/107.0.0.0 Safari/537.36"
127.0.0.1 - - [02/May/2024:12:30:37 +0800] "GET / HTTP/1.1" 200 12515 "-" "Mozilla/5.0 (Windows NT 10.0; Win64; x64) AppleWebKit/537.36 (KHTML, like Gecko) Chrome/107.0.0.0 Safari/537.36"
127.0.0.1 - - [02/May/2024:12:30:43 +0800] "GET / HTTP/1.1" 304 0 "-" "Mozilla/5.0 (Windows NT 10.0; Win64; x64) AppleWebKit/537.36 (KHTML, like Gecko) Chrome/107.0.0.0 Safari/537.36"
192.168.43.1 - - [02/May/2024:12:33:50 +0800] "GET /js/debug.js HTTP/1.1" 304 0 "http://192.168.43.71/" "Mozilla/5.0 (Linux; Android 10; SAMSUNG SM-N9600) AppleWebKit/537.36 (KHTML, like Gecko) SamsungBrowser/21.0 Chrome/110.0.5481.154 Mobile Safari/537.36"
192.168.43.1 - - [02/May/2024:12:33:50 +0800] "GET /js/webrtc.js HTTP/1.1" 304 0 "http://192.168.43.71/" "Mozilla/5.0 (Linux; Android 10; SAMSUNG SM-N9600) AppleWebKit/537.36 (KHTML, like Gecko) SamsungBrowser/21.0 Chrome/110.0.5481.154 Mobile Safari/537.36"
192.168.43.1 - - [02/May/2024:12:33:50 +0800] "GET /js/app.js HTTP/1.1" 200 19694 "http://192.168.43.71/" "Mozilla/5.0 (Linux; Android 10; SAMSUNG SM-N9600) AppleWebKit/537.36 (KHTML, like Gecko) SamsungBrowser/21.0 Chrome/110.0.5481.154 Mobile Safari/537.36"
192.168.43.1 - - [02/May/2024:12:33:50 +0800] "GET /favicon.ico HTTP/1.1" 404 555 "http://192.168.43.71/" "Mozilla/5.0 (Linux; Android 10; SAMSUNG SM-N9600) AppleWebKit/537.36 (KHTML, like Gecko) SamsungBrowser/21.0 Chrome/110.0.5481.154 Mobile Safari/537.36"
192.168.43.1 - - [02/May/2024:12:33:51 +0800] "GET / HTTP/1.1" 200 12515 "-" "Mozilla/5.0 (Linux; Android 10; SAMSUNG SM-N9600) AppleWebKit/537.36 (KHTML, like Gecko) SamsungBrowser/21.0 Chrome/110.0.5481.154 Mobile Safari/537.36"
192.168.43.1 - - [02/May/2024:12:34:02 +0800] "GET / HTTP/1.1" 304 0 "-" "Mozilla/5.0 (Linux; Android 10; SAMSUNG SM-N9600) AppleWebKit/537.36 (KHTML, like Gecko) SamsungBrowser/21.0 Chrome/110.0.5481.154 Mobile Safari/537.36"
192.168.43.1 - - [02/May/2024:12:34:29 +0800] "GET / HTTP/1.1" 304 0 "-" "Mozilla/5.0 (Linux; Android 10; SAMSUNG SM-N9600) AppleWebKit/537.36 (KHTML, like Gecko) SamsungBrowser/21.0 Chrome/110.0.5481.154 Mobile Safari/537.36"
127.0.0.1 - - [02/May/2024:12:40:01 +0800] "GET / HTTP/1.1" 200 12558 "-" "Mozilla/5.0 (Windows NT 10.0; Win64; x64) AppleWebKit/537.36 (KHTML, like Gecko) Chrome/107.0.0.0 Safari/537.36"
127.0.0.1 - - [02/May/2024:12:40:01 +0800] "GET /js/app.js HTTP/1.1" 304 0 "http://127.0.0.1/" "Mozilla/5.0 (Windows NT 10.0; Win64; x64) AppleWebKit/537.36 (KHTML, like Gecko) Chrome/107.0.0.0 Safari/537.36"
127.0.0.1 - - [02/May/2024:12:40:04 +0800] "GET / HTTP/1.1" 304 0 "-" "Mozilla/5.0 (Windows NT 10.0; Win64; x64) AppleWebKit/537.36 (KHTML, like Gecko) Chrome/107.0.0.0 Safari/537.36"
127.0.0.1 - - [02/May/2024:12:40:07 +0800] "GET / HTTP/1.1" 304 0 "-" "Mozilla/5.0 (Windows NT 10.0; Win64; x64) AppleWebKit/537.36 (KHTML, like Gecko) Chrome/107.0.0.0 Safari/537.36"
127.0.0.1 - - [02/May/2024:12:40:32 +0800] "GET / HTTP/1.1" 200 12564 "-" "Mozilla/5.0 (Windows NT 10.0; Win64; x64) AppleWebKit/537.36 (KHTML, like Gecko) Chrome/107.0.0.0 Safari/537.36"
127.0.0.1 - - [02/May/2024:12:40:34 +0800] "GET / HTTP/1.1" 304 0 "-" "Mozilla/5.0 (Windows NT 10.0; Win64; x64) AppleWebKit/537.36 (KHTML, like Gecko) Chrome/107.0.0.0 Safari/537.36"
127.0.0.1 - - [02/May/2024:12:40:34 +0800] "GET / HTTP/1.1" 304 0 "-" "Mozilla/5.0 (Windows NT 10.0; Win64; x64) AppleWebKit/537.36 (KHTML, like Gecko) Chrome/107.0.0.0 Safari/537.36"
127.0.0.1 - - [02/May/2024:12:41:03 +0800] "GET / HTTP/1.1" 200 12583 "-" "Mozilla/5.0 (Windows NT 10.0; Win64; x64) AppleWebKit/537.36 (KHTML, like Gecko) Chrome/107.0.0.0 Safari/537.36"
127.0.0.1 - - [02/May/2024:12:41:08 +0800] "GET / HTTP/1.1" 304 0 "-" "Mozilla/5.0 (Windows NT 10.0; Win64; x64) AppleWebKit/537.36 (KHTML, like Gecko) Chrome/107.0.0.0 Safari/537.36"
127.0.0.1 - - [02/May/2024:12:41:56 +0800] "GET / HTTP/1.1" 304 0 "-" "Mozilla/5.0 (Windows NT 10.0; Win64; x64) AppleWebKit/537.36 (KHTML, like Gecko) Chrome/107.0.0.0 Safari/537.36"
127.0.0.1 - - [02/May/2024:12:42:14 +0800] "GET / HTTP/1.1" 200 12583 "-" "Mozilla/5.0 (Windows NT 10.0; Win64; x64) AppleWebKit/537.36 (KHTML, like Gecko) Chrome/107.0.0.0 Safari/537.36"
127.0.0.1 - - [02/May/2024:12:42:20 +0800] "GET / HTTP/1.1" 304 0 "-" "Mozilla/5.0 (Windows NT 10.0; Win64; x64) AppleWebKit/537.36 (KHTML, like Gecko) Chrome/107.0.0.0 Safari/537.36"
127.0.0.1 - - [02/May/2024:12:42:37 +0800] "GET / HTTP/1.1" 200 12584 "-" "Mozilla/5.0 (Windows NT 10.0; Win64; x64) AppleWebKit/537.36 (KHTML, like Gecko) Chrome/107.0.0.0 Safari/537.36"
127.0.0.1 - - [02/May/2024:12:48:32 +0800] "GET / HTTP/1.1" 200 12665 "-" "Mozilla/5.0 (Windows NT 10.0; Win64; x64) AppleWebKit/537.36 (KHTML, like Gecko) Chrome/107.0.0.0 Safari/537.36"
127.0.0.1 - - [02/May/2024:12:48:32 +0800] "GET /js/debug.js HTTP/1.1" 304 0 "http://127.0.0.1/" "Mozilla/5.0 (Windows NT 10.0; Win64; x64) AppleWebKit/537.36 (KHTML, like Gecko) Chrome/107.0.0.0 Safari/537.36"
127.0.0.1 - - [02/May/2024:12:48:37 +0800] "GET / HTTP/1.1" 304 0 "-" "Mozilla/5.0 (Windows NT 10.0; Win64; x64) AppleWebKit/537.36 (KHTML, like Gecko) Chrome/107.0.0.0 Safari/537.36"
127.0.0.1 - - [02/May/2024:12:52:29 +0800] "GET / HTTP/1.1" 200 12689 "-" "Mozilla/5.0 (Windows NT 10.0; Win64; x64) AppleWebKit/537.36 (KHTML, like Gecko) Chrome/107.0.0.0 Safari/537.36"
127.0.0.1 - - [02/May/2024:12:52:29 +0800] "GET /js/app.js HTTP/1.1" 304 0 "http://127.0.0.1/" "Mozilla/5.0 (Windows NT 10.0; Win64; x64) AppleWebKit/537.36 (KHTML, like Gecko) Chrome/107.0.0.0 Safari/537.36"
127.0.0.1 - - [02/May/2024:12:52:33 +0800] "GET / HTTP/1.1" 304 0 "-" "Mozilla/5.0 (Windows NT 10.0; Win64; x64) AppleWebKit/537.36 (KHTML, like Gecko) Chrome/107.0.0.0 Safari/537.36"
127.0.0.1 - - [02/May/2024:12:52:39 +0800] "GET / HTTP/1.1" 304 0 "-" "Mozilla/5.0 (Windows NT 10.0; Win64; x64) AppleWebKit/537.36 (KHTML, like Gecko) Chrome/107.0.0.0 Safari/537.36"
127.0.0.1 - - [02/May/2024:12:52:47 +0800] "GET / HTTP/1.1" 304 0 "-" "Mozilla/5.0 (Windows NT 10.0; Win64; x64) AppleWebKit/537.36 (KHTML, like Gecko) Chrome/107.0.0.0 Safari/537.36"
127.0.0.1 - - [02/May/2024:12:55:05 +0800] "GET / HTTP/1.1" 200 12758 "-" "Mozilla/5.0 (Windows NT 10.0; Win64; x64) AppleWebKit/537.36 (KHTML, like Gecko) Chrome/107.0.0.0 Safari/537.36"
127.0.0.1 - - [02/May/2024:12:55:15 +0800] "GET / HTTP/1.1" 304 0 "-" "Mozilla/5.0 (Windows NT 10.0; Win64; x64) AppleWebKit/537.36 (KHTML, like Gecko) Chrome/107.0.0.0 Safari/537.36"
127.0.0.1 - - [02/May/2024:12:55:21 +0800] "GET / HTTP/1.1" 200 12761 "-" "Mozilla/5.0 (Windows NT 10.0; Win64; x64) AppleWebKit/537.36 (KHTML, like Gecko) Chrome/107.0.0.0 Safari/537.36"
127.0.0.1 - - [02/May/2024:12:55:28 +0800] "GET / HTTP/1.1" 304 0 "-" "Mozilla/5.0 (Windows NT 10.0; Win64; x64) AppleWebKit/537.36 (KHTML, like Gecko) Chrome/107.0.0.0 Safari/537.36"
127.0.0.1 - - [02/May/2024:12:55:31 +0800] "GET / HTTP/1.1" 304 0 "-" "Mozilla/5.0 (Windows NT 10.0; Win64; x64) AppleWebKit/537.36 (KHTML, like Gecko) Chrome/107.0.0.0 Safari/537.36"
127.0.0.1 - - [02/May/2024:12:55:37 +0800] "GET / HTTP/1.1" 304 0 "-" "Mozilla/5.0 (Windows NT 10.0; Win64; x64) AppleWebKit/537.36 (KHTML, like Gecko) Chrome/107.0.0.0 Safari/537.36"
127.0.0.1 - - [02/May/2024:12:55:40 +0800] "GET / HTTP/1.1" 304 0 "-" "Mozilla/5.0 (Windows NT 10.0; Win64; x64) AppleWebKit/537.36 (KHTML, like Gecko) Chrome/107.0.0.0 Safari/537.36"
127.0.0.1 - - [02/May/2024:12:55:43 +0800] "GET / HTTP/1.1" 304 0 "-" "Mozilla/5.0 (Windows NT 10.0; Win64; x64) AppleWebKit/537.36 (KHTML, like Gecko) Chrome/107.0.0.0 Safari/537.36"
127.0.0.1 - - [02/May/2024:12:55:50 +0800] "GET / HTTP/1.1" 304 0 "-" "Mozilla/5.0 (Windows NT 10.0; Win64; x64) AppleWebKit/537.36 (KHTML, like Gecko) Chrome/107.0.0.0 Safari/537.36"
127.0.0.1 - - [02/May/2024:12:56:15 +0800] "GET / HTTP/1.1" 200 12778 "-" "Mozilla/5.0 (Windows NT 10.0; Win64; x64) AppleWebKit/537.36 (KHTML, like Gecko) Chrome/107.0.0.0 Safari/537.36"
127.0.0.1 - - [02/May/2024:12:56:17 +0800] "GET / HTTP/1.1" 304 0 "-" "Mozilla/5.0 (Windows NT 10.0; Win64; x64) AppleWebKit/537.36 (KHTML, like Gecko) Chrome/107.0.0.0 Safari/537.36"
127.0.0.1 - - [02/May/2024:12:56:20 +0800] "GET / HTTP/1.1" 304 0 "-" "Mozilla/5.0 (Windows NT 10.0; Win64; x64) AppleWebKit/537.36 (KHTML, like Gecko) Chrome/107.0.0.0 Safari/537.36"
